Archive member included to satisfy reference by file (symbol)

/opt/gcc-arm-none-eabi/bin/../lib/gcc/arm-none-eabi/13.3.1/../../../../arm-none-eabi/lib/thumb/v7e-m+fp/hard/libc_nano.a(libc_a-exit.o)
                              /opt/gcc-arm-none-eabi/bin/../lib/gcc/arm-none-eabi/13.3.1/../../../../arm-none-eabi/lib/thumb/v7e-m+fp/hard/crt0.o (exit)
/opt/gcc-arm-none-eabi/bin/../lib/gcc/arm-none-eabi/13.3.1/../../../../arm-none-eabi/lib/thumb/v7e-m+fp/hard/libc_nano.a(libc_a-errno.o)
                              build/sysmem.o (__errno)
/opt/gcc-arm-none-eabi/bin/../lib/gcc/arm-none-eabi/13.3.1/../../../../arm-none-eabi/lib/thumb/v7e-m+fp/hard/libc_nano.a(libc_a-init.o)
                              /opt/gcc-arm-none-eabi/bin/../lib/gcc/arm-none-eabi/13.3.1/../../../../arm-none-eabi/lib/thumb/v7e-m+fp/hard/crt0.o (__libc_init_array)
/opt/gcc-arm-none-eabi/bin/../lib/gcc/arm-none-eabi/13.3.1/../../../../arm-none-eabi/lib/thumb/v7e-m+fp/hard/libc_nano.a(libc_a-memset.o)
                              /opt/gcc-arm-none-eabi/bin/../lib/gcc/arm-none-eabi/13.3.1/../../../../arm-none-eabi/lib/thumb/v7e-m+fp/hard/crt0.o (memset)
/opt/gcc-arm-none-eabi/bin/../lib/gcc/arm-none-eabi/13.3.1/../../../../arm-none-eabi/lib/thumb/v7e-m+fp/hard/libc_nano.a(libc_a-impure.o)
                              /opt/gcc-arm-none-eabi/bin/../lib/gcc/arm-none-eabi/13.3.1/../../../../arm-none-eabi/lib/thumb/v7e-m+fp/hard/libc_nano.a(libc_a-errno.o) (_impure_ptr)
/opt/gcc-arm-none-eabi/bin/../lib/gcc/arm-none-eabi/13.3.1/../../../../arm-none-eabi/lib/thumb/v7e-m+fp/hard/libc_nano.a(libc_a-strlen.o)
                              build/main.o (strlen)
/opt/gcc-arm-none-eabi/bin/../lib/gcc/arm-none-eabi/13.3.1/../../../../arm-none-eabi/lib/thumb/v7e-m+fp/hard/libc_nano.a(libc_a-findfp.o)
                              /opt/gcc-arm-none-eabi/bin/../lib/gcc/arm-none-eabi/13.3.1/../../../../arm-none-eabi/lib/thumb/v7e-m+fp/hard/libc_nano.a(libc_a-exit.o) (__stdio_exit_handler)
/opt/gcc-arm-none-eabi/bin/../lib/gcc/arm-none-eabi/13.3.1/../../../../arm-none-eabi/lib/thumb/v7e-m+fp/hard/libc_nano.a(libc_a-sprintf.o)
                              build/main.o (sprintf)
/opt/gcc-arm-none-eabi/bin/../lib/gcc/arm-none-eabi/13.3.1/../../../../arm-none-eabi/lib/thumb/v7e-m+fp/hard/libc_nano.a(libc_a-stdio.o)
                              /opt/gcc-arm-none-eabi/bin/../lib/gcc/arm-none-eabi/13.3.1/../../../../arm-none-eabi/lib/thumb/v7e-m+fp/hard/libc_nano.a(libc_a-findfp.o) (__sread)
/opt/gcc-arm-none-eabi/bin/../lib/gcc/arm-none-eabi/13.3.1/../../../../arm-none-eabi/lib/thumb/v7e-m+fp/hard/libc_nano.a(libc_a-atoi.o)
                              build/main.o (atoi)
/opt/gcc-arm-none-eabi/bin/../lib/gcc/arm-none-eabi/13.3.1/../../../../arm-none-eabi/lib/thumb/v7e-m+fp/hard/libc_nano.a(libc_a-lseekr.o)
                              /opt/gcc-arm-none-eabi/bin/../lib/gcc/arm-none-eabi/13.3.1/../../../../arm-none-eabi/lib/thumb/v7e-m+fp/hard/libc_nano.a(libc_a-stdio.o) (_lseek_r)
/opt/gcc-arm-none-eabi/bin/../lib/gcc/arm-none-eabi/13.3.1/../../../../arm-none-eabi/lib/thumb/v7e-m+fp/hard/libc_nano.a(libc_a-readr.o)
                              /opt/gcc-arm-none-eabi/bin/../lib/gcc/arm-none-eabi/13.3.1/../../../../arm-none-eabi/lib/thumb/v7e-m+fp/hard/libc_nano.a(libc_a-stdio.o) (_read_r)
/opt/gcc-arm-none-eabi/bin/../lib/gcc/arm-none-eabi/13.3.1/../../../../arm-none-eabi/lib/thumb/v7e-m+fp/hard/libc_nano.a(libc_a-fwalk.o)
                              /opt/gcc-arm-none-eabi/bin/../lib/gcc/arm-none-eabi/13.3.1/../../../../arm-none-eabi/lib/thumb/v7e-m+fp/hard/libc_nano.a(libc_a-findfp.o) (_fwalk_sglue)
/opt/gcc-arm-none-eabi/bin/../lib/gcc/arm-none-eabi/13.3.1/../../../../arm-none-eabi/lib/thumb/v7e-m+fp/hard/libc_nano.a(libc_a-strtol.o)
                              /opt/gcc-arm-none-eabi/bin/../lib/gcc/arm-none-eabi/13.3.1/../../../../arm-none-eabi/lib/thumb/v7e-m+fp/hard/libc_nano.a(libc_a-atoi.o) (_strtol_r)
/opt/gcc-arm-none-eabi/bin/../lib/gcc/arm-none-eabi/13.3.1/../../../../arm-none-eabi/lib/thumb/v7e-m+fp/hard/libc_nano.a(libc_a-writer.o)
                              /opt/gcc-arm-none-eabi/bin/../lib/gcc/arm-none-eabi/13.3.1/../../../../arm-none-eabi/lib/thumb/v7e-m+fp/hard/libc_nano.a(libc_a-stdio.o) (_write_r)
/opt/gcc-arm-none-eabi/bin/../lib/gcc/arm-none-eabi/13.3.1/../../../../arm-none-eabi/lib/thumb/v7e-m+fp/hard/libc_nano.a(libc_a-nano-svfprintf.o)
                              /opt/gcc-arm-none-eabi/bin/../lib/gcc/arm-none-eabi/13.3.1/../../../../arm-none-eabi/lib/thumb/v7e-m+fp/hard/libc_nano.a(libc_a-sprintf.o) (_svfprintf_r)
/opt/gcc-arm-none-eabi/bin/../lib/gcc/arm-none-eabi/13.3.1/../../../../arm-none-eabi/lib/thumb/v7e-m+fp/hard/libc_nano.a(libc_a-memmove.o)
                              /opt/gcc-arm-none-eabi/bin/../lib/gcc/arm-none-eabi/13.3.1/../../../../arm-none-eabi/lib/thumb/v7e-m+fp/hard/libc_nano.a(libc_a-nano-svfprintf.o) (memmove)
[...]
Memory Configuration

Name             Origin             Length             Attributes
RAM              0x20000000         0x00030000         xrw
CCMRAM           0x10000000         0x00010000         xrw
FLASH            0x08000000         0x00200000         xr
*default*        0x00000000         0xffffffff

Linker script and memory map

LOAD /opt/gcc-arm-none-eabi/bin/../lib/gcc/arm-none-eabi/13.3.1/thumb/v7e-m+fp/hard/crti.o
LOAD /opt/gcc-arm-none-eabi/bin/../lib/gcc/arm-none-eabi/13.3.1/thumb/v7e-m+fp/hard/crtbegin.o
LOAD /opt/gcc-arm-none-eabi/bin/../lib/gcc/arm-none-eabi/13.3.1/../../../../arm-none-eabi/lib/thumb/v7e-m+fp/hard/crt0.o
LOAD build/main.o
LOAD build/stm32f4xx_it.o
LOAD build/stm32f4xx_hal_msp.o
LOAD build/stm32f4xx_hal_tim.o
LOAD build/stm32f4xx_hal_tim_ex.o
LOAD build/stm32f4xx_hal_rcc.o
LOAD build/stm32f4xx_hal_rcc_ex.o
LOAD build/stm32f4xx_hal_flash.o
LOAD build/stm32f4xx_hal_flash_ex.o
LOAD build/stm32f4xx_hal_flash_ramfunc.o
LOAD build/stm32f4xx_hal_gpio.o
LOAD build/stm32f4xx_hal_dma_ex.o
LOAD build/stm32f4xx_hal_dma.o
LOAD build/stm32f4xx_hal_pwr.o
LOAD build/stm32f4xx_hal_pwr_ex.o
LOAD build/stm32f4xx_hal_cortex.o
LOAD build/stm32f4xx_hal.o
LOAD build/stm32f4xx_hal_exti.o
LOAD build/system_stm32f4xx.o
LOAD build/sysmem.o
LOAD build/syscalls.o
LOAD build/stm32f4xx_hal_uart.o
LOAD build/startup_stm32f427xx.o
LOAD /opt/gcc-arm-none-eabi/bin/../lib/gcc/arm-none-eabi/13.3.1/../../../../arm-none-eabi/lib/thumb/v7e-m+fp/hard/libc_nano.a
LOAD /opt/gcc-arm-none-eabi/bin/../lib/gcc/arm-none-eabi/13.3.1/../../../../arm-none-eabi/lib/thumb/v7e-m+fp/hard/libm.a
LOAD /opt/gcc-arm-none-eabi/bin/../lib/gcc/arm-none-eabi/13.3.1/../../../../arm-none-eabi/lib/thumb/v7e-m+fp/hard/libnosys.a
START GROUP
LOAD /opt/gcc-arm-none-eabi/bin/../lib/gcc/arm-none-eabi/13.3.1/thumb/v7e-m+fp/hard/libgcc.a
LOAD /opt/gcc-arm-none-eabi/bin/../lib/gcc/arm-none-eabi/13.3.1/../../../../arm-none-eabi/lib/thumb/v7e-m+fp/hard/libc_nano.a
END GROUP
START GROUP
LOAD /opt/gcc-arm-none-eabi/bin/../lib/gcc/arm-none-eabi/13.3.1/thumb/v7e-m+fp/hard/libgcc.a
LOAD /opt/gcc-arm-none-eabi/bin/../lib/gcc/arm-none-eabi/13.3.1/../../../../arm-none-eabi/lib/thumb/v7e-m+fp/hard/libc_nano.a
END GROUP
LOAD /opt/gcc-arm-none-eabi/bin/../lib/gcc/arm-none-eabi/13.3.1/thumb/v7e-m+fp/hard/crtend.o
LOAD /opt/gcc-arm-none-eabi/bin/../lib/gcc/arm-none-eabi/13.3.1/thumb/v7e-m+fp/hard/crtn.o
                0x20030000                        _estack = (ORIGIN (RAM) + LENGTH (RAM))
                0x00000200                        _Min_Heap_Size = 0x200
                0x00000400                        _Min_Stack_Size = 0x400

.isr_vector     0x08000000      0x1ac
                0x08000000                        . = ALIGN (0x4)
 *(.isr_vector)
 .isr_vector    0x08000000      0x1ac build/startup_stm32f427xx.o
                0x08000000                g_pfnVectors
                0x080001ac                        . = ALIGN (0x4)

.text           0x080001b0     0x3084
                0x080001b0                        . = ALIGN (0x4)
 *(.text)
 .text          0x080001b0       0x10 /opt/gcc-arm-none-eabi/bin/../lib/gcc/arm-none-eabi/13.3.1/../../../../arm-none-eabi/lib/thumb/v7e-m+fp/hard/libc_nano.a(libc_a-strlen.o)
                0x080001b0                strlen
 .text          0x080001c0       0xa0 /opt/gcc-arm-none-eabi/bin/../lib/gcc/arm-none-eabi/13.3.1/../../../../arm-none-eabi/lib/thumb/v7e-m+fp/hard/libc_nano.a(libc_a-memchr.o)
                0x080001c0                memchr
 .text          0x08000260       0x30 /opt/gcc-arm-none-eabi/bin/../lib/gcc/arm-none-eabi/13.3.1/thumb/v7e-m+fp/hard/libgcc.a(_aeabi_uldivmod.o)
                0x08000260                __aeabi_uldivmod
 .text          0x08000290        0x4 /opt/gcc-arm-none-eabi/bin/../lib/gcc/arm-none-eabi/13.3.1/thumb/v7e-m+fp/hard/libgcc.a(_dvmd_tls.o)
                0x08000290                __aeabi_ldiv0
                0x08000290                __aeabi_idiv0
 *(.text*)
 .text.deregister_tm_clones
                0x08000294       0x1c /opt/gcc-arm-none-eabi/bin/../lib/gcc/arm-none-eabi/13.3.1/thumb/v7e-m+fp/hard/crtbegin.o
 .text.register_tm_clones
                0x080002b0       0x24 /opt/gcc-arm-none-eabi/bin/../lib/gcc/arm-none-eabi/13.3.1/thumb/v7e-m+fp/hard/crtbegin.o
 .text.__do_global_dtors_aux
                0x080002d4       0x28 /opt/gcc-arm-none-eabi/bin/../lib/gcc/arm-none-eabi/13.3.1/thumb/v7e-m+fp/hard/crtbegin.o
 .text.frame_dummy
                0x080002fc       0x24 /opt/gcc-arm-none-eabi/bin/../lib/gcc/arm-none-eabi/13.3.1/thumb/v7e-m+fp/hard/crtbegin.o
 .text.MX_GPIO_Init
                0x08000320       0x4c build/main.o
 .text.Handler  0x0800036c      0x354 build/main.o
                0x0800036c                Handler
 .text.Error_Handler
                0x080006c0        0x4 build/main.o
                0x080006c0                Error_Handler
 .text.MX_TIM4_Init
                0x080006c4       0x9c build/main.o
 .text.MX_USART6_UART_Init
                0x08000760       0x34 build/main.o
 .text.MX_TIM6_Init
                0x08000794       0x48 build/main.o
 .text.SystemClock_Config
                0x080007dc       0xb0 build/main.o
                0x080007dc                SystemClock_Config
 .text.main     0x0800088c       0xf0 build/main.o
                0x0800088c                main
 .text.NMI_Handler
                0x0800097c        0x2 build/stm32f4xx_it.o
                0x0800097c                NMI_Handler
 .text.HardFault_Handler
                0x0800097e        0x2 build/stm32f4xx_it.o
                0x0800097e                HardFault_Handler
 .text.MemManage_Handler
                0x08000980        0x2 build/stm32f4xx_it.o
                0x08000980                MemManage_Handler
 .text.BusFault_Handler
                0x08000982        0x2 build/stm32f4xx_it.o
                0x08000982                BusFault_Handler
 .text.UsageFault_Handler
                0x08000984        0x2 build/stm32f4xx_it.o
                0x08000984                UsageFault_Handler
 .text.SVC_Handler
                0x08000986        0x2 build/stm32f4xx_it.o
                0x08000986                SVC_Handler
 .text.DebugMon_Handler
                0x08000988        0x2 build/stm32f4xx_it.o
                0x08000988                DebugMon_Handler
 .text.PendSV_Handler
                0x0800098a        0x2 build/stm32f4xx_it.o
                0x0800098a                PendSV_Handler
 .text.SysTick_Handler
                0x0800098c        0x8 build/stm32f4xx_it.o
                0x0800098c                SysTick_Handler
 .text.USART6_IRQHandler
                0x08000994       0x10 build/stm32f4xx_it.o
                0x08000994                USART6_IRQHandler
 .text.HAL_MspInit
                0x080009a4       0x38 build/stm32f4xx_hal_msp.o
                0x080009a4                HAL_MspInit
 .text.HAL_TIM_PWM_MspInit
                0x080009dc       0x30 build/stm32f4xx_hal_msp.o
                0x080009dc                HAL_TIM_PWM_MspInit
 .text.HAL_TIM_Base_MspInit
                0x08000a0c       0x30 build/stm32f4xx_hal_msp.o
                0x08000a0c                HAL_TIM_Base_MspInit
 .text.HAL_TIM_MspPostInit
                0x08000a3c       0x58 build/stm32f4xx_hal_msp.o
                0x08000a3c                HAL_TIM_MspPostInit
 .text.HAL_UART_MspInit
                0x08000a94       0x7c build/stm32f4xx_hal_msp.o
                0x08000a94                HAL_UART_MspInit
 .text.TIM_OC1_SetConfig
                0x08000b10       0x70 build/stm32f4xx_hal_tim.o
 .text.TIM_OC3_SetConfig
                0x08000b80       0x70 build/stm32f4xx_hal_tim.o
 .text.TIM_OC4_SetConfig
                0x08000bf0       0x50 build/stm32f4xx_hal_tim.o
 .text.HAL_TIM_Base_Start_IT
                0x08000c40       0x88 build/stm32f4xx_hal_tim.o
                0x08000c40                HAL_TIM_Base_Start_IT
 .text.TIM_Base_SetConfig
                0x08000cc8       0xd8 build/stm32f4xx_hal_tim.o
                0x08000cc8                TIM_Base_SetConfig
 .text.HAL_TIM_Base_Init
                0x08000da0       0x58 build/stm32f4xx_hal_tim.o
                0x08000da0                HAL_TIM_Base_Init
 .text.HAL_TIM_PWM_Init
                0x08000df8       0x58 build/stm32f4xx_hal_tim.o
                0x08000df8                HAL_TIM_PWM_Init
 .text.TIM_OC2_SetConfig
                0x08000e50       0x70 build/stm32f4xx_hal_tim.o
                0x08000e50                TIM_OC2_SetConfig
 .text.HAL_TIM_PWM_ConfigChannel
                0x08000ec0       0xdc build/stm32f4xx_hal_tim.o
                0x08000ec0                HAL_TIM_PWM_ConfigChannel
 .text.TIM_CCxChannelCmd
                0x08000f9c       0x1e build/stm32f4xx_hal_tim.o
                0x08000f9c                TIM_CCxChannelCmd
 *fill*         0x08000fba        0x2 
 .text.HAL_TIM_PWM_Start
                0x08000fbc      0x104 build/stm32f4xx_hal_tim.o
                0x08000fbc                HAL_TIM_PWM_Start
 .text.HAL_TIMEx_MasterConfigSynchronization
                0x080010c0       0x8c build/stm32f4xx_hal_tim_ex.o
                0x080010c0                HAL_TIMEx_MasterConfigSynchronization
 .text.HAL_RCC_OscConfig
                0x0800114c      0x3f8 build/stm32f4xx_hal_rcc.o
                0x0800114c                HAL_RCC_OscConfig
 .text.HAL_RCC_GetSysClockFreq
                0x08001544       0xa8 build/stm32f4xx_hal_rcc.o
                0x08001544                HAL_RCC_GetSysClockFreq
 .text.HAL_RCC_ClockConfig
                0x080015ec      0x160 build/stm32f4xx_hal_rcc.o
                0x080015ec                HAL_RCC_ClockConfig
 .text.HAL_RCC_GetHCLKFreq
                0x0800174c        0xc build/stm32f4xx_hal_rcc.o
                0x0800174c                HAL_RCC_GetHCLKFreq
 .text.HAL_RCC_GetPCLK1Freq
                0x08001758       0x20 build/stm32f4xx_hal_rcc.o
                0x08001758                HAL_RCC_GetPCLK1Freq
 .text.HAL_RCC_GetPCLK2Freq
                0x08001778       0x20 build/stm32f4xx_hal_rcc.o
                0x08001778                HAL_RCC_GetPCLK2Freq
 .text.HAL_GPIO_Init
                0x08001798      0x208 build/stm32f4xx_hal_gpio.o
                0x08001798                HAL_GPIO_Init
 .text.HAL_DMA_Abort
                0x080019a0       0x94 build/stm32f4xx_hal_dma.o
                0x080019a0                HAL_DMA_Abort
 .text.HAL_DMA_Abort_IT
                0x08001a34       0x26 build/stm32f4xx_hal_dma.o
                0x08001a34                HAL_DMA_Abort_IT
 *fill*         0x08001a5a        0x2 
 .text.HAL_PWREx_EnableOverDrive
                0x08001a5c       0x7c build/stm32f4xx_hal_pwr_ex.o
                0x08001a5c                HAL_PWREx_EnableOverDrive
 .text.__NVIC_EnableIRQ
                0x08001ad8       0x1c build/stm32f4xx_hal_cortex.o
 .text.__NVIC_SetPriority
                0x08001af4       0x28 build/stm32f4xx_hal_cortex.o
 .text.NVIC_EncodePriority
                0x08001b1c       0x3e build/stm32f4xx_hal_cortex.o
 *fill*         0x08001b5a        0x2 
 .text.HAL_NVIC_SetPriorityGrouping
                0x08001b5c       0x24 build/stm32f4xx_hal_cortex.o
                0x08001b5c                HAL_NVIC_SetPriorityGrouping
 .text.HAL_NVIC_SetPriority
                0x08001b80       0x20 build/stm32f4xx_hal_cortex.o
                0x08001b80                HAL_NVIC_SetPriority
 .text.HAL_NVIC_EnableIRQ
                0x08001ba0        0x8 build/stm32f4xx_hal_cortex.o
                0x08001ba0                HAL_NVIC_EnableIRQ
 .text.HAL_SYSTICK_Config
                0x08001ba8       0x28 build/stm32f4xx_hal_cortex.o
                0x08001ba8                HAL_SYSTICK_Config
 .text.HAL_InitTick
                0x08001bd0       0x4c build/stm32f4xx_hal.o
                0x08001bd0                HAL_InitTick
 .text.HAL_Init
                0x08001c1c       0x34 build/stm32f4xx_hal.o
                0x08001c1c                HAL_Init
 .text.HAL_IncTick
                0x08001c50       0x18 build/stm32f4xx_hal.o
                0x08001c50                HAL_IncTick
 .text.HAL_GetTick
                0x08001c68        0xc build/stm32f4xx_hal.o
                0x08001c68                HAL_GetTick
 .text.SystemInit
                0x08001c74       0x14 build/system_stm32f4xx.o
                0x08001c74                SystemInit
 .text._sbrk    0x08001c88       0x48 build/sysmem.o
                0x08001c88                _sbrk
 .text.UART_EndRxTransfer
                0x08001cd0       0x5c build/stm32f4xx_hal_uart.o
 .text.UART_Transmit_IT
                0x08001d2c       0x60 build/stm32f4xx_hal_uart.o
 .text.UART_SetConfig
                0x08001d8c      0x110 build/stm32f4xx_hal_uart.o
 .text.UART_WaitOnFlagUntilTimeout
                0x08001e9c       0x86 build/stm32f4xx_hal_uart.o
 .text.HAL_UART_Init
                0x08001f22       0x60 build/stm32f4xx_hal_uart.o
                0x08001f22                HAL_UART_Init
 .text.HAL_UART_Transmit
                0x08001f82       0xcc build/stm32f4xx_hal_uart.o
                0x08001f82                HAL_UART_Transmit
 .text.HAL_UART_Receive
                0x0800204e       0xd2 build/stm32f4xx_hal_uart.o
                0x0800204e                HAL_UART_Receive
 .text.HAL_UART_TxCpltCallback
                0x08002120        0x2 build/stm32f4xx_hal_uart.o
                0x08002120                HAL_UART_TxCpltCallback
 .text.UART_EndTransmit_IT
                0x08002122       0x1a build/stm32f4xx_hal_uart.o
 .text.HAL_UART_RxCpltCallback
                0x0800213c        0x2 build/stm32f4xx_hal_uart.o
                0x0800213c                HAL_UART_RxCpltCallback
 .text.HAL_UART_ErrorCallback
                0x0800213e        0x2 build/stm32f4xx_hal_uart.o
                0x0800213e                HAL_UART_ErrorCallback
 .text.UART_DMAAbortOnError
                0x08002140       0x10 build/stm32f4xx_hal_uart.o
 .text.HAL_UARTEx_RxEventCallback
                0x08002150        0x2 build/stm32f4xx_hal_uart.o
                0x08002150                HAL_UARTEx_RxEventCallback
 .text.UART_Receive_IT
                0x08002152       0xe6 build/stm32f4xx_hal_uart.o
 .text.HAL_UART_IRQHandler
                0x08002238      0x284 build/stm32f4xx_hal_uart.o
                0x08002238                HAL_UART_IRQHandler
 .text.Reset_Handler
                0x080024bc       0x50 build/startup_stm32f427xx.o
                0x080024bc                Reset_Handler
 .text.Default_Handler
                0x0800250c        0x2 build/startup_stm32f427xx.o
                0x0800250c                RTC_Alarm_IRQHandler
                0x0800250c                HASH_RNG_IRQHandler
                0x0800250c                EXTI2_IRQHandler
                0x0800250c                TIM8_CC_IRQHandler
                0x0800250c                UART8_IRQHandler
                0x0800250c                SPI4_IRQHandler
                0x0800250c                TIM1_CC_IRQHandler
                0x0800250c                DMA2_Stream5_IRQHandler
                0x0800250c                DMA1_Stream5_IRQHandler
                0x0800250c                PVD_IRQHandler
                0x0800250c                SDIO_IRQHandler
                0x0800250c                TAMP_STAMP_IRQHandler
                0x0800250c                CAN2_RX1_IRQHandler
                0x0800250c                EXTI3_IRQHandler
                0x0800250c                TIM8_TRG_COM_TIM14_IRQHandler
                0x0800250c                TIM1_UP_TIM10_IRQHandler
                0x0800250c                TIM8_UP_TIM13_IRQHandler
                0x0800250c                I2C3_ER_IRQHandler
                0x0800250c                EXTI0_IRQHandler
                0x0800250c                I2C2_EV_IRQHandler
                0x0800250c                DMA1_Stream2_IRQHandler
                0x0800250c                CAN1_RX0_IRQHandler
                0x0800250c                FPU_IRQHandler
                0x0800250c                OTG_HS_WKUP_IRQHandler
                0x0800250c                CAN2_SCE_IRQHandler
                0x0800250c                DMA2_Stream2_IRQHandler
                0x0800250c                SPI1_IRQHandler
                0x0800250c                TIM6_DAC_IRQHandler
                0x0800250c                TIM1_BRK_TIM9_IRQHandler
                0x0800250c                DCMI_IRQHandler
                0x0800250c                CAN2_RX0_IRQHandler
                0x0800250c                DMA2_Stream3_IRQHandler
                0x0800250c                USART3_IRQHandler
                0x0800250c                CAN1_RX1_IRQHandler
                0x0800250c                UART5_IRQHandler
                0x0800250c                DMA2_Stream0_IRQHandler
                0x0800250c                TIM4_IRQHandler
                0x0800250c                I2C1_EV_IRQHandler
                0x0800250c                DMA1_Stream6_IRQHandler
                0x0800250c                DMA1_Stream1_IRQHandler
                0x0800250c                UART4_IRQHandler
                0x0800250c                TIM3_IRQHandler
                0x0800250c                RCC_IRQHandler
                0x0800250c                TIM8_BRK_TIM12_IRQHandler
                0x0800250c                Default_Handler
                0x0800250c                EXTI15_10_IRQHandler
                0x0800250c                ADC_IRQHandler
                0x0800250c                DMA1_Stream7_IRQHandler
                0x0800250c                SPI5_IRQHandler
                0x0800250c                TIM7_IRQHandler
                0x0800250c                CAN2_TX_IRQHandler
                0x0800250c                TIM5_IRQHandler
                0x0800250c                DMA2_Stream7_IRQHandler
                0x0800250c                I2C3_EV_IRQHandler
                0x0800250c                EXTI9_5_IRQHandler
                0x0800250c                RTC_WKUP_IRQHandler
                0x0800250c                ETH_WKUP_IRQHandler
                0x0800250c                SPI2_IRQHandler
                0x0800250c                OTG_HS_EP1_IN_IRQHandler
                0x0800250c                DMA1_Stream0_IRQHandler
                0x0800250c                CAN1_TX_IRQHandler
                0x0800250c                EXTI4_IRQHandler
                0x0800250c                ETH_IRQHandler
                0x0800250c                OTG_HS_EP1_OUT_IRQHandler
                0x0800250c                WWDG_IRQHandler
                0x0800250c                SPI6_IRQHandler
                0x0800250c                TIM2_IRQHandler
                0x0800250c                OTG_FS_WKUP_IRQHandler
                0x0800250c                TIM1_TRG_COM_TIM11_IRQHandler
                0x0800250c                OTG_HS_IRQHandler
                0x0800250c                DMA2D_IRQHandler
                0x0800250c                EXTI1_IRQHandler
                0x0800250c                UART7_IRQHandler
                0x0800250c                USART2_IRQHandler
                0x0800250c                I2C2_ER_IRQHandler
                0x0800250c                DMA2_Stream1_IRQHandler
                0x0800250c                CAN1_SCE_IRQHandler
                0x0800250c                FLASH_IRQHandler
                0x0800250c                DMA2_Stream4_IRQHandler
                0x0800250c                USART1_IRQHandler
                0x0800250c                OTG_FS_IRQHandler
                0x0800250c                SPI3_IRQHandler
                0x0800250c                DMA1_Stream4_IRQHandler
                0x0800250c                I2C1_ER_IRQHandler
                0x0800250c                FMC_IRQHandler
                0x0800250c                DMA2_Stream6_IRQHandler
                0x0800250c                SAI1_IRQHandler
                0x0800250c                DMA1_Stream3_IRQHandler
 *fill*         0x0800250e        0x2 
 .text.__errno  0x08002510        0xc /opt/gcc-arm-none-eabi/bin/../lib/gcc/arm-none-eabi/13.3.1/../../../../arm-none-eabi/lib/thumb/v7e-m+fp/hard/libc_nano.a(libc_a-errno.o)
                0x08002510                __errno
 .text.__libc_init_array
                0x0800251c       0x48 /opt/gcc-arm-none-eabi/bin/../lib/gcc/arm-none-eabi/13.3.1/../../../../arm-none-eabi/lib/thumb/v7e-m+fp/hard/libc_nano.a(libc_a-init.o)
                0x0800251c                __libc_init_array
 .text.memset   0x08002564       0x10 /opt/gcc-arm-none-eabi/bin/../lib/gcc/arm-none-eabi/13.3.1/../../../../arm-none-eabi/lib/thumb/v7e-m+fp/hard/libc_nano.a(libc_a-memset.o)
                0x08002564                memset
 .text.sprintf  0x08002574       0x44 /opt/gcc-arm-none-eabi/bin/../lib/gcc/arm-none-eabi/13.3.1/../../../../arm-none-eabi/lib/thumb/v7e-m+fp/hard/libc_nano.a(libc_a-sprintf.o)
                0x08002574                sprintf
                0x08002574                siprintf
 .text.atoi     0x080025b8        0x8 /opt/gcc-arm-none-eabi/bin/../lib/gcc/arm-none-eabi/13.3.1/../../../../arm-none-eabi/lib/thumb/v7e-m+fp/hard/libc_nano.a(libc_a-atoi.o)
                0x080025b8                atoi
 .text._strtol_l.isra.0
                0x080025c0       0xf4 /opt/gcc-arm-none-eabi/bin/../lib/gcc/arm-none-eabi/13.3.1/../../../../arm-none-eabi/lib/thumb/v7e-m+fp/hard/libc_nano.a(libc_a-strtol.o)
 .text.strtol   0x080026b4       0x14 /opt/gcc-arm-none-eabi/bin/../lib/gcc/arm-none-eabi/13.3.1/../../../../arm-none-eabi/lib/thumb/v7e-m+fp/hard/libc_nano.a(libc_a-strtol.o)
                0x080026b4                strtol
 .text.__ssputs_r
                0x080026c8       0xb6 /opt/gcc-arm-none-eabi/bin/../lib/gcc/arm-none-eabi/13.3.1/../../../../arm-none-eabi/lib/thumb/v7e-m+fp/hard/libc_nano.a(libc_a-nano-svfprintf.o)
                0x080026c8                __ssputs_r
 *fill*         0x0800277e        0x2 
 .text._svfprintf_r
                0x08002780      0x1f8 /opt/gcc-arm-none-eabi/bin/../lib/gcc/arm-none-eabi/13.3.1/../../../../arm-none-eabi/lib/thumb/v7e-m+fp/hard/libc_nano.a(libc_a-nano-svfprintf.o)
                0x08002780                _svfprintf_r
                0x08002780                _svfiprintf_r
 .text.memmove  0x08002978       0x34 /opt/gcc-arm-none-eabi/bin/../lib/gcc/arm-none-eabi/13.3.1/../../../../arm-none-eabi/lib/thumb/v7e-m+fp/hard/libc_nano.a(libc_a-memmove.o)
                0x08002978                memmove
 .text.__retarget_lock_acquire_recursive
                0x080029ac        0x2 /opt/gcc-arm-none-eabi/bin/../lib/gcc/arm-none-eabi/13.3.1/../../../../arm-none-eabi/lib/thumb/v7e-m+fp/hard/libc_nano.a(libc_a-lock.o)
                0x080029ac                __retarget_lock_acquire_recursive
 .text.__retarget_lock_release_recursive
                0x080029ae        0x2 /opt/gcc-arm-none-eabi/bin/../lib/gcc/arm-none-eabi/13.3.1/../../../../arm-none-eabi/lib/thumb/v7e-m+fp/hard/libc_nano.a(libc_a-lock.o)
                0x080029ae                __retarget_lock_release_recursive
 .text._printf_common
                0x080029b0       0xda /opt/gcc-arm-none-eabi/bin/../lib/gcc/arm-none-eabi/13.3.1/../../../../arm-none-eabi/lib/thumb/v7e-m+fp/hard/libc_nano.a(libc_a-nano-vfprintf_i.o)
                0x080029b0                _printf_common
 *fill*         0x08002a8a        0x2 
 .text._printf_i
                0x08002a8c      0x23c /opt/gcc-arm-none-eabi/bin/../lib/gcc/arm-none-eabi/13.3.1/../../../../arm-none-eabi/lib/thumb/v7e-m+fp/hard/libc_nano.a(libc_a-nano-vfprintf_i.o)
                0x08002a8c                _printf_i
 .text.sbrk_aligned
                0x08002cc8       0x44 /opt/gcc-arm-none-eabi/bin/../lib/gcc/arm-none-eabi/13.3.1/../../../../arm-none-eabi/lib/thumb/v7e-m+fp/hard/libc_nano.a(libc_a-mallocr.o)
 .text._malloc_r
                0x08002d0c      0x100 /opt/gcc-arm-none-eabi/bin/../lib/gcc/arm-none-eabi/13.3.1/../../../../arm-none-eabi/lib/thumb/v7e-m+fp/hard/libc_nano.a(libc_a-mallocr.o)
                0x08002d0c                _malloc_r
 .text.memcpy   0x08002e0c       0x1c /opt/gcc-arm-none-eabi/bin/../lib/gcc/arm-none-eabi/13.3.1/../../../../arm-none-eabi/lib/thumb/v7e-m+fp/hard/libc_nano.a(libc_a-memcpy-stub.o)
                0x08002e0c                memcpy
 .text.__malloc_lock
                0x08002e28        0xc /opt/gcc-arm-none-eabi/bin/../lib/gcc/arm-none-eabi/13.3.1/../../../../arm-none-eabi/lib/thumb/v7e-m+fp/hard/libc_nano.a(libc_a-mlock.o)
                0x08002e28                __malloc_lock
 .text.__malloc_unlock
                0x08002e34        0xc /opt/gcc-arm-none-eabi/bin/../lib/gcc/arm-none-eabi/13.3.1/../../../../arm-none-eabi/lib/thumb/v7e-m+fp/hard/libc_nano.a(libc_a-mlock.o)
                0x08002e34                __malloc_unlock
 .text._sbrk_r  0x08002e40       0x20 /opt/gcc-arm-none-eabi/bin/../lib/gcc/arm-none-eabi/13.3.1/../../../../arm-none-eabi/lib/thumb/v7e-m+fp/hard/libc_nano.a(libc_a-sbrkr.o)
                0x08002e40                _sbrk_r
 .text._realloc_r
                0x08002e60       0x5c /opt/gcc-arm-none-eabi/bin/../lib/gcc/arm-none-eabi/13.3.1/../../../../arm-none-eabi/lib/thumb/v7e-m+fp/hard/libc_nano.a(libc_a-reallocr.o)
                0x08002e60                _realloc_r
 .text._free_r  0x08002ebc       0x94 /opt/gcc-arm-none-eabi/bin/../lib/gcc/arm-none-eabi/13.3.1/../../../../arm-none-eabi/lib/thumb/v7e-m+fp/hard/libc_nano.a(libc_a-freer.o)
                0x08002ebc                _free_r
 .text._malloc_usable_size_r
                0x08002f50       0x10 /opt/gcc-arm-none-eabi/bin/../lib/gcc/arm-none-eabi/13.3.1/../../../../arm-none-eabi/lib/thumb/v7e-m+fp/hard/libc_nano.a(libc_a-msizer.o)
                0x08002f50                _malloc_usable_size_r
 .text.__udivmoddi4
                0x08002f60      0x2bc /opt/gcc-arm-none-eabi/bin/../lib/gcc/arm-none-eabi/13.3.1/thumb/v7e-m+fp/hard/libgcc.a(_udivmoddi4.o)
                0x08002f60                __udivmoddi4
 *(.glue_7)
 .glue_7        0x0800321c        0x0 linker stubs
 *(.glue_7t)
 .glue_7t       0x0800321c        0x0 linker stubs
 *(.eh_frame)
 .eh_frame      0x0800321c        0x0 /opt/gcc-arm-none-eabi/bin/../lib/gcc/arm-none-eabi/13.3.1/thumb/v7e-m+fp/hard/crtbegin.o
 *(.init)
 .init          0x0800321c        0x4 /opt/gcc-arm-none-eabi/bin/../lib/gcc/arm-none-eabi/13.3.1/thumb/v7e-m+fp/hard/crti.o
                0x0800321c                _init
 .init          0x08003220        0x8 /opt/gcc-arm-none-eabi/bin/../lib/gcc/arm-none-eabi/13.3.1/thumb/v7e-m+fp/hard/crtn.o
 *(.fini)
 .fini          0x08003228        0x4 /opt/gcc-arm-none-eabi/bin/../lib/gcc/arm-none-eabi/13.3.1/thumb/v7e-m+fp/hard/crti.o
                0x08003228                _fini
 .fini          0x0800322c        0x8 /opt/gcc-arm-none-eabi/bin/../lib/gcc/arm-none-eabi/13.3.1/thumb/v7e-m+fp/hard/crtn.o
                0x08003234                        . = ALIGN (0x4)
                0x08003234                        _etext = .

.vfp11_veneer   0x08003234        0x0
 .vfp11_veneer  0x08003234        0x0 linker stubs

.v4_bx          0x08003234        0x0
 .v4_bx         0x08003234        0x0 linker stubs

.iplt           0x08003234        0x0
 .iplt          0x08003234        0x0 /opt/gcc-arm-none-eabi/bin/../lib/gcc/arm-none-eabi/13.3.1/thumb/v7e-m+fp/hard/crtbegin.o

.rodata         0x08003234      0x2ac
                0x08003234                        . = ALIGN (0x4)
 *(.rodata)
 *(.rodata*)
 .rodata.Handler.str1.4
                0x08003234      0x15f build/main.o
 *fill*         0x08003393        0x1 
 .rodata.APBPrescTable
                0x08003394        0x8 build/system_stm32f4xx.o
                0x08003394                APBPrescTable
 .rodata.AHBPrescTable
                0x0800339c       0x10 build/system_stm32f4xx.o
                0x0800339c                AHBPrescTable
 .rodata._svfprintf_r.str1.1
                0x080033ac       0x33 /opt/gcc-arm-none-eabi/bin/../lib/gcc/arm-none-eabi/13.3.1/../../../../arm-none-eabi/lib/thumb/v7e-m+fp/hard/libc_nano.a(libc_a-nano-svfprintf.o)
                                 0x11 (size before relaxing)
 .rodata._printf_i.str1.1
                0x080033df       0x22 /opt/gcc-arm-none-eabi/bin/../lib/gcc/arm-none-eabi/13.3.1/../../../../arm-none-eabi/lib/thumb/v7e-m+fp/hard/libc_nano.a(libc_a-nano-vfprintf_i.o)
 .rodata._ctype_
                0x080033df      0x101 /opt/gcc-arm-none-eabi/bin/../lib/gcc/arm-none-eabi/13.3.1/../../../../arm-none-eabi/lib/thumb/v7e-m+fp/hard/libc_nano.a(libc_a-ctype_.o)
                0x080033df                _ctype_
                0x080034e0                        . = ALIGN (0x4)

.ARM.extab
 *(.ARM.extab* .gnu.linkonce.armextab.*)

.ARM            0x080034e0        0x8
                0x080034e0                        __exidx_start = .
 *(.ARM.exidx*)
 .ARM.exidx     0x080034e0        0x8 /opt/gcc-arm-none-eabi/bin/../lib/gcc/arm-none-eabi/13.3.1/../../../../arm-none-eabi/lib/thumb/v7e-m+fp/hard/libc_nano.a(libc_a-strlen.o)
 .ARM.exidx     0x080034e8        0x0 /opt/gcc-arm-none-eabi/bin/../lib/gcc/arm-none-eabi/13.3.1/../../../../arm-none-eabi/lib/thumb/v7e-m+fp/hard/libc_nano.a(libc_a-memchr.o)
                                  0x8 (size before relaxing)
 .ARM.exidx.text.__udivmoddi4
                0x080034e8        0x0 /opt/gcc-arm-none-eabi/bin/../lib/gcc/arm-none-eabi/13.3.1/thumb/v7e-m+fp/hard/libgcc.a(_udivmoddi4.o)
                                  0x8 (size before relaxing)
                0x080034e8                        __exidx_end = .

.rel.dyn        0x080034e8        0x0
 .rel.iplt      0x080034e8        0x0 /opt/gcc-arm-none-eabi/bin/../lib/gcc/arm-none-eabi/13.3.1/thumb/v7e-m+fp/hard/crtbegin.o

.preinit_array  0x080034e8        0x0
                0x080034e8                        PROVIDE (__preinit_array_start = .)
 *(.preinit_array*)
                0x080034e8                        PROVIDE (__preinit_array_end = .)

.init_array     0x080034e8        0x4
                0x080034e8                        PROVIDE (__init_array_start = .)
 *(SORT_BY_NAME(.init_array.*))
 *(.init_array*)
 .init_array    0x080034e8        0x4 /opt/gcc-arm-none-eabi/bin/../lib/gcc/arm-none-eabi/13.3.1/thumb/v7e-m+fp/hard/crtbegin.o
                0x080034ec                        PROVIDE (__init_array_end = .)

.fini_array     0x080034ec        0x4
                [!provide]                        PROVIDE (__fini_array_start = .)
 *(SORT_BY_NAME(.fini_array.*))
 *(.fini_array*)
 .fini_array    0x080034ec        0x4 /opt/gcc-arm-none-eabi/bin/../lib/gcc/arm-none-eabi/13.3.1/thumb/v7e-m+fp/hard/crtbegin.o
                [!provide]                        PROVIDE (__fini_array_end = .)
                0x080034f0                        _sidata = LOADADDR (.data)

.data           0x20000000       0xe0 load address 0x080034f0
                0x20000000                        . = ALIGN (0x4)
                0x20000000                        _sdata = .
 *(.data)
 *(.data*)
 .data.is_main_menu
                0x20000000        0x1 build/main.o
                0x20000000                is_main_menu
 *fill*         0x20000001        0x3 
 .data.speed    0x20000004        0x4 build/main.o
                0x20000004                speed
 .data.modes_length
                0x20000008        0x4 build/main.o
                0x20000008                modes_length
 .data.modes    0x2000000c       0x78 build/main.o
                0x2000000c                modes
 .data.uwTickFreq
                0x20000084        0x1 build/stm32f4xx_hal.o
                0x20000084                uwTickFreq
 *fill*         0x20000085        0x3 
 .data.uwTickPrio
                0x20000088        0x4 build/stm32f4xx_hal.o
                0x20000088                uwTickPrio
 .data.SystemCoreClock
                0x2000008c        0x4 build/system_stm32f4xx.o
                0x2000008c                SystemCoreClock
 .data._impure_ptr
                0x20000090        0x4 /opt/gcc-arm-none-eabi/bin/../lib/gcc/arm-none-eabi/13.3.1/../../../../arm-none-eabi/lib/thumb/v7e-m+fp/hard/libc_nano.a(libc_a-impure.o)
                0x20000090                _impure_ptr
 .data._impure_data
                0x20000094       0x4c /opt/gcc-arm-none-eabi/bin/../lib/gcc/arm-none-eabi/13.3.1/../../../../arm-none-eabi/lib/thumb/v7e-m+fp/hard/libc_nano.a(libc_a-impure.o)
                0x20000094                _impure_data
                0x200000e0                        . = ALIGN (0x4)
                0x200000e0                        _edata = .
                0x080035d0                        _siccmram = LOADADDR (.ccmram)

.tm_clone_table
                0x200000e0        0x0 load address 0x080035d0
 .tm_clone_table
                0x200000e0        0x0 /opt/gcc-arm-none-eabi/bin/../lib/gcc/arm-none-eabi/13.3.1/thumb/v7e-m+fp/hard/crtbegin.o
 .tm_clone_table
                0x200000e0        0x0 /opt/gcc-arm-none-eabi/bin/../lib/gcc/arm-none-eabi/13.3.1/thumb/v7e-m+fp/hard/crtend.o

.igot.plt       0x200000e0        0x0 load address 0x080035d0
 .igot.plt      0x200000e0        0x0 /opt/gcc-arm-none-eabi/bin/../lib/gcc/arm-none-eabi/13.3.1/thumb/v7e-m+fp/hard/crtbegin.o

.ccmram         0x10000000        0x0 load address 0x080035d0
                0x10000000                        . = ALIGN (0x4)
                0x10000000                        _sccmram = .
 *(.ccmram)
 *(.ccmram*)
                0x10000000                        . = ALIGN (0x4)
                0x10000000                        _eccmram = .
                0x10000000                        . = ALIGN (0x4)

.bss            0x200000e0      0x318
                0x200000e0                        _sbss = .
                0x200000e0                        __bss_start__ = _sbss
 *(.bss)
 *(.bss*)
 .bss.completed.1
                0x200000e0        0x1 /opt/gcc-arm-none-eabi/bin/../lib/gcc/arm-none-eabi/13.3.1/thumb/v7e-m+fp/hard/crtbegin.o
 *fill*         0x200000e1        0x3 
 .bss.object.0  0x200000e4       0x18 /opt/gcc-arm-none-eabi/bin/../lib/gcc/arm-none-eabi/13.3.1/thumb/v7e-m+fp/hard/crtbegin.o
 .bss.idx       0x200000fc        0x2 build/main.o
                0x200000fc                idx
 .bss.byte      0x200000fe        0x1 build/main.o
                0x200000fe                byte
 *fill*         0x200000ff        0x1 
 .bss.receivedData
                0x20000100       0x96 build/main.o
                0x20000100                receivedData
 *fill*         0x20000196        0x2 
 .bss.custom_mode_parameter_num
                0x20000198        0x4 build/main.o
                0x20000198                custom_mode_parameter_num
 .bss.custom    0x2000019c       0x18 build/main.o
                0x2000019c                custom
 .bss.current   0x200001b4       0x18 build/main.o
                0x200001b4                current
 .bss.mode_index
                0x200001cc        0x4 build/main.o
                0x200001cc                mode_index
 .bss.huart6    0x200001d0       0x48 build/main.o
                0x200001d0                huart6
 .bss.htim6     0x20000218       0x48 build/main.o
                0x20000218                htim6
 .bss.htim4     0x20000260       0x48 build/main.o
                0x20000260                htim4
 .bss.uwTick    0x200002a8        0x4 build/stm32f4xx_hal.o
                0x200002a8                uwTick
 .bss.__sbrk_heap_end
                0x200002ac        0x4 build/sysmem.o
 .bss.__sf      0x200002b0      0x138 /opt/gcc-arm-none-eabi/bin/../lib/gcc/arm-none-eabi/13.3.1/../../../../arm-none-eabi/lib/thumb/v7e-m+fp/hard/libc_nano.a(libc_a-findfp.o)
                0x200002b0                __sf
 .bss.__lock___malloc_recursive_mutex
                0x200003e8        0x1 /opt/gcc-arm-none-eabi/bin/../lib/gcc/arm-none-eabi/13.3.1/../../../../arm-none-eabi/lib/thumb/v7e-m+fp/hard/libc_nano.a(libc_a-lock.o)
                0x200003e8                __lock___malloc_recursive_mutex
 *fill*         0x200003e9        0x3 
 .bss.__malloc_sbrk_start
                0x200003ec        0x4 /opt/gcc-arm-none-eabi/bin/../lib/gcc/arm-none-eabi/13.3.1/../../../../arm-none-eabi/lib/thumb/v7e-m+fp/hard/libc_nano.a(libc_a-mallocr.o)
                0x200003ec                __malloc_sbrk_start
 .bss.__malloc_free_list
                0x200003f0        0x4 /opt/gcc-arm-none-eabi/bin/../lib/gcc/arm-none-eabi/13.3.1/../../../../arm-none-eabi/lib/thumb/v7e-m+fp/hard/libc_nano.a(libc_a-mallocr.o)
                0x200003f0                __malloc_free_list
 .bss.errno     0x200003f4        0x4 /opt/gcc-arm-none-eabi/bin/../lib/gcc/arm-none-eabi/13.3.1/../../../../arm-none-eabi/lib/thumb/v7e-m+fp/hard/libc_nano.a(libc_a-reent.o)
                0x200003f4                errno
 *(COMMON)
                0x200003f8                        . = ALIGN (0x4)
                0x200003f8                        _ebss = .
                0x200003f8                        __bss_end__ = _ebss

._user_heap_stack
                0x200003f8      0x600
                0x200003f8                        . = ALIGN (0x8)
                [!provide]                        PROVIDE (end = .)
                0x200003f8                        PROVIDE (_end = .)
                0x200005f8                        . = (. + _Min_Heap_Size)
 *fill*         0x200003f8      0x200 
                0x200009f8                        . = (. + _Min_Stack_Size)
 *fill*         0x200005f8      0x400 
                0x200009f8                        . = ALIGN (0x8)

/DISCARD/
 libc.a(*)
 libm.a(*)
 libgcc.a(*)

.ARM.attributes
                0x00000000       0x30
 *(.ARM.attributes)
 .ARM.attributes
                0x00000000       0x22 /opt/gcc-arm-none-eabi/bin/../lib/gcc/arm-none-eabi/13.3.1/thumb/v7e-m+fp/hard/crti.o
 .ARM.attributes
                0x00000022       0x34 /opt/gcc-arm-none-eabi/bin/../lib/gcc/arm-none-eabi/13.3.1/thumb/v7e-m+fp/hard/crtbegin.o
 .ARM.attributes
                0x00000056       0x34 build/main.o
 .ARM.attributes
                0x0000008a       0x34 build/stm32f4xx_it.o
 .ARM.attributes
                0x000000be       0x34 build/stm32f4xx_hal_msp.o
 .ARM.attributes
                0x000000f2       0x34 build/stm32f4xx_hal_tim.o
 .ARM.attributes
                0x00000126       0x34 build/stm32f4xx_hal_tim_ex.o
 .ARM.attributes
                0x0000015a       0x34 build/stm32f4xx_hal_rcc.o
 .ARM.attributes
                0x0000018e       0x34 build/stm32f4xx_hal_gpio.o
 .ARM.attributes
                0x000001c2       0x34 build/stm32f4xx_hal_dma.o
 .ARM.attributes
                0x000001f6       0x34 build/stm32f4xx_hal_pwr_ex.o
 .ARM.attributes
                0x0000022a       0x34 build/stm32f4xx_hal_cortex.o
 .ARM.attributes
                0x0000025e       0x34 build/stm32f4xx_hal.o
 .ARM.attributes
                0x00000292       0x34 build/system_stm32f4xx.o
 .ARM.attributes
                0x000002c6       0x34 build/sysmem.o
 .ARM.attributes
                0x000002fa       0x34 build/stm32f4xx_hal_uart.o
 .ARM.attributes
                0x0000032e       0x21 build/startup_stm32f427xx.o
 .ARM.attributes
                0x0000034f       0x34 /opt/gcc-arm-none-eabi/bin/../lib/gcc/arm-none-eabi/13.3.1/../../../../arm-none-eabi/lib/thumb/v7e-m+fp/hard/libc_nano.a(libc_a-errno.o)
 .ARM.attributes
                0x00000383       0x34 /opt/gcc-arm-none-eabi/bin/../lib/gcc/arm-none-eabi/13.3.1/../../../../arm-none-eabi/lib/thumb/v7e-m+fp/hard/libc_nano.a(libc_a-init.o)
 .ARM.attributes
                0x000003b7       0x34 /opt/gcc-arm-none-eabi/bin/../lib/gcc/arm-none-eabi/13.3.1/../../../../arm-none-eabi/lib/thumb/v7e-m+fp/hard/libc_nano.a(libc_a-memset.o)
 .ARM.attributes
                0x000003eb       0x34 /opt/gcc-arm-none-eabi/bin/../lib/gcc/arm-none-eabi/13.3.1/../../../../arm-none-eabi/lib/thumb/v7e-m+fp/hard/libc_nano.a(libc_a-impure.o)
 .ARM.attributes
                0x0000041f       0x17 /opt/gcc-arm-none-eabi/bin/../lib/gcc/arm-none-eabi/13.3.1/../../../../arm-none-eabi/lib/thumb/v7e-m+fp/hard/libc_nano.a(libc_a-strlen.o)
 .ARM.attributes
                0x00000436       0x34 /opt/gcc-arm-none-eabi/bin/../lib/gcc/arm-none-eabi/13.3.1/../../../../arm-none-eabi/lib/thumb/v7e-m+fp/hard/libc_nano.a(libc_a-findfp.o)
 .ARM.attributes
                0x0000046a       0x34 /opt/gcc-arm-none-eabi/bin/../lib/gcc/arm-none-eabi/13.3.1/../../../../arm-none-eabi/lib/thumb/v7e-m+fp/hard/libc_nano.a(libc_a-sprintf.o)
 .ARM.attributes
                0x0000049e       0x34 /opt/gcc-arm-none-eabi/bin/../lib/gcc/arm-none-eabi/13.3.1/../../../../arm-none-eabi/lib/thumb/v7e-m+fp/hard/libc_nano.a(libc_a-atoi.o)
 .ARM.attributes
                0x000004d2       0x34 /opt/gcc-arm-none-eabi/bin/../lib/gcc/arm-none-eabi/13.3.1/../../../../arm-none-eabi/lib/thumb/v7e-m+fp/hard/libc_nano.a(libc_a-strtol.o)
 .ARM.attributes
                0x00000506       0x34 /opt/gcc-arm-none-eabi/bin/../lib/gcc/arm-none-eabi/13.3.1/../../../../arm-none-eabi/lib/thumb/v7e-m+fp/hard/libc_nano.a(libc_a-nano-svfprintf.o)
 .ARM.attributes
                0x0000053a       0x34 /opt/gcc-arm-none-eabi/bin/../lib/gcc/arm-none-eabi/13.3.1/../../../../arm-none-eabi/lib/thumb/v7e-m+fp/hard/libc_nano.a(libc_a-memmove.o)
 .ARM.attributes
                0x0000056e       0x34 /opt/gcc-arm-none-eabi/bin/../lib/gcc/arm-none-eabi/13.3.1/../../../../arm-none-eabi/lib/thumb/v7e-m+fp/hard/libc_nano.a(libc_a-lock.o)
 .ARM.attributes
                0x000005a2       0x34 /opt/gcc-arm-none-eabi/bin/../lib/gcc/arm-none-eabi/13.3.1/../../../../arm-none-eabi/lib/thumb/v7e-m+fp/hard/libc_nano.a(libc_a-nano-vfprintf_i.o)
 .ARM.attributes
                0x000005d6       0x34 /opt/gcc-arm-none-eabi/bin/../lib/gcc/arm-none-eabi/13.3.1/../../../../arm-none-eabi/lib/thumb/v7e-m+fp/hard/libc_nano.a(libc_a-mallocr.o)
 .ARM.attributes
                0x0000060a       0x34 /opt/gcc-arm-none-eabi/bin/../lib/gcc/arm-none-eabi/13.3.1/../../../../arm-none-eabi/lib/thumb/v7e-m+fp/hard/libc_nano.a(libc_a-reent.o)
 .ARM.attributes
                0x0000063e       0x1c /opt/gcc-arm-none-eabi/bin/../lib/gcc/arm-none-eabi/13.3.1/../../../../arm-none-eabi/lib/thumb/v7e-m+fp/hard/libc_nano.a(libc_a-memchr.o)
 .ARM.attributes
                0x0000065a       0x34 /opt/gcc-arm-none-eabi/bin/../lib/gcc/arm-none-eabi/13.3.1/../../../../arm-none-eabi/lib/thumb/v7e-m+fp/hard/libc_nano.a(libc_a-memcpy-stub.o)
 .ARM.attributes
                0x0000068e       0x34 /opt/gcc-arm-none-eabi/bin/../lib/gcc/arm-none-eabi/13.3.1/../../../../arm-none-eabi/lib/thumb/v7e-m+fp/hard/libc_nano.a(libc_a-mlock.o)
 .ARM.attributes
                0x000006c2       0x34 /opt/gcc-arm-none-eabi/bin/../lib/gcc/arm-none-eabi/13.3.1/../../../../arm-none-eabi/lib/thumb/v7e-m+fp/hard/libc_nano.a(libc_a-ctype_.o)
 .ARM.attributes
                0x000006f6       0x34 /opt/gcc-arm-none-eabi/bin/../lib/gcc/arm-none-eabi/13.3.1/../../../../arm-none-eabi/lib/thumb/v7e-m+fp/hard/libc_nano.a(libc_a-sbrkr.o)
 .ARM.attributes
                0x0000072a       0x34 /opt/gcc-arm-none-eabi/bin/../lib/gcc/arm-none-eabi/13.3.1/../../../../arm-none-eabi/lib/thumb/v7e-m+fp/hard/libc_nano.a(libc_a-reallocr.o)
 .ARM.attributes
                0x0000075e       0x34 /opt/gcc-arm-none-eabi/bin/../lib/gcc/arm-none-eabi/13.3.1/../../../../arm-none-eabi/lib/thumb/v7e-m+fp/hard/libc_nano.a(libc_a-freer.o)
 .ARM.attributes
                0x00000792       0x34 /opt/gcc-arm-none-eabi/bin/../lib/gcc/arm-none-eabi/13.3.1/../../../../arm-none-eabi/lib/thumb/v7e-m+fp/hard/libc_nano.a(libc_a-msizer.o)
 .ARM.attributes
                0x000007c6       0x22 /opt/gcc-arm-none-eabi/bin/../lib/gcc/arm-none-eabi/13.3.1/thumb/v7e-m+fp/hard/libgcc.a(_aeabi_uldivmod.o)
 .ARM.attributes
                0x000007e8       0x34 /opt/gcc-arm-none-eabi/bin/../lib/gcc/arm-none-eabi/13.3.1/thumb/v7e-m+fp/hard/libgcc.a(_udivmoddi4.o)
 .ARM.attributes
                0x0000081c       0x22 /opt/gcc-arm-none-eabi/bin/../lib/gcc/arm-none-eabi/13.3.1/thumb/v7e-m+fp/hard/libgcc.a(_dvmd_tls.o)
 .ARM.attributes
                0x0000083e       0x34 /opt/gcc-arm-none-eabi/bin/../lib/gcc/arm-none-eabi/13.3.1/thumb/v7e-m+fp/hard/crtend.o
 .ARM.attributes
                0x00000872       0x22 /opt/gcc-arm-none-eabi/bin/../lib/gcc/arm-none-eabi/13.3.1/thumb/v7e-m+fp/hard/crtn.o
OUTPUT(build/Lab3.elf elf32-littlearm)
LOAD linker stubs
LOAD /opt/gcc-arm-none-eabi/bin/../lib/gcc/arm-none-eabi/13.3.1/../../../../arm-none-eabi/lib/thumb/v7e-m+fp/hard/libc.a
LOAD /opt/gcc-arm-none-eabi/bin/../lib/gcc/arm-none-eabi/13.3.1/../../../../arm-none-eabi/lib/thumb/v7e-m+fp/hard/libm.a
LOAD /opt/gcc-arm-none-eabi/bin/../lib/gcc/arm-none-eabi/13.3.1/thumb/v7e-m+fp/hard/libgcc.a

.debug_info     0x00000000    0x12628
 .debug_info    0x00000000     0x1b85 build/main.o
 .debug_info    0x00001b85      0x74e build/stm32f4xx_it.o
 .debug_info    0x000022d3     0x12a5 build/stm32f4xx_hal_msp.o
 .debug_info    0x00003578     0x41a0 build/stm32f4xx_hal_tim.o
 .debug_info    0x00007718     0x1da5 build/stm32f4xx_hal_tim_ex.o
 .debug_info    0x000094bd      0xc2c build/stm32f4xx_hal_rcc.o
 .debug_info    0x0000a0e9      0x86a build/stm32f4xx_hal_gpio.o
 .debug_info    0x0000a953      0xbce build/stm32f4xx_hal_dma.o
 .debug_info    0x0000b521      0x85b build/stm32f4xx_hal_pwr_ex.o
 .debug_info    0x0000bd7c     0x120a build/stm32f4xx_hal_cortex.o
 .debug_info    0x0000cf86      0xb74 build/stm32f4xx_hal.o
 .debug_info    0x0000dafa      0x5d5 build/system_stm32f4xx.o
 .debug_info    0x0000e0cf      0x18c build/sysmem.o
 .debug_info    0x0000e25b     0x439d build/stm32f4xx_hal_uart.o
 .debug_info    0x000125f8       0x30 build/startup_stm32f427xx.o

.debug_abbrev   0x00000000     0x21ac
 .debug_abbrev  0x00000000      0x320 build/main.o
 .debug_abbrev  0x00000320      0x172 build/stm32f4xx_it.o
 .debug_abbrev  0x00000492      0x21f build/stm32f4xx_hal_msp.o
 .debug_abbrev  0x000006b1      0x2bd build/stm32f4xx_hal_tim.o
 .debug_abbrev  0x0000096e      0x2b7 build/stm32f4xx_hal_tim_ex.o
 .debug_abbrev  0x00000c25      0x2de build/stm32f4xx_hal_rcc.o
 .debug_abbrev  0x00000f03      0x22b build/stm32f4xx_hal_gpio.o
 .debug_abbrev  0x0000112e      0x2fe build/stm32f4xx_hal_dma.o
 .debug_abbrev  0x0000142c      0x1e0 build/stm32f4xx_hal_pwr_ex.o
 .debug_abbrev  0x0000160c      0x3ca build/stm32f4xx_hal_cortex.o
 .debug_abbrev  0x000019d6      0x244 build/stm32f4xx_hal.o
 .debug_abbrev  0x00001c1a      0x11b build/system_stm32f4xx.o
 .debug_abbrev  0x00001d35       0xeb build/sysmem.o
 .debug_abbrev  0x00001e20      0x36f build/stm32f4xx_hal_uart.o
 .debug_abbrev  0x0000218f       0x1d build/startup_stm32f427xx.o

.debug_loc      0x00000000    0x10599
 .debug_loc     0x00000000      0x3af build/main.o
 .debug_loc     0x000003af       0x40 build/stm32f4xx_it.o
 .debug_loc     0x000003ef      0x216 build/stm32f4xx_hal_msp.o
 .debug_loc     0x00000605     0x6097 build/stm32f4xx_hal_tim.o
 .debug_loc     0x0000669c     0x22d2 build/stm32f4xx_hal_tim_ex.o
 .debug_loc     0x0000896e      0x720 build/stm32f4xx_hal_rcc.o
 .debug_loc     0x0000908e      0x60b build/stm32f4xx_hal_gpio.o
 .debug_loc     0x00009699      0xe9a build/stm32f4xx_hal_dma.o
 .debug_loc     0x0000a533      0x35c build/stm32f4xx_hal_pwr_ex.o
 .debug_loc     0x0000a88f      0x8ff build/stm32f4xx_hal_cortex.o
 .debug_loc     0x0000b18e      0x1f9 build/stm32f4xx_hal.o
 .debug_loc     0x0000b387      0x181 build/system_stm32f4xx.o
 .debug_loc     0x0000b508       0x90 build/sysmem.o
 .debug_loc     0x0000b598     0x5001 build/stm32f4xx_hal_uart.o

.debug_aranges  0x00000000      0xc98
 .debug_aranges
                0x00000000       0x60 build/main.o
 .debug_aranges
                0x00000060       0x68 build/stm32f4xx_it.o
 .debug_aranges
                0x000000c8       0x58 build/stm32f4xx_hal_msp.o
 .debug_aranges
                0x00000120      0x3d0 build/stm32f4xx_hal_tim.o
 .debug_aranges
                0x000004f0      0x168 build/stm32f4xx_hal_tim_ex.o
 .debug_aranges
                0x00000658       0x88 build/stm32f4xx_hal_rcc.o
 .debug_aranges
                0x000006e0       0x58 build/stm32f4xx_hal_gpio.o
 .debug_aranges
                0x00000738       0x90 build/stm32f4xx_hal_dma.o
 .debug_aranges
                0x000007c8       0x60 build/stm32f4xx_hal_pwr_ex.o
 .debug_aranges
                0x00000828       0xf8 build/stm32f4xx_hal_cortex.o
 .debug_aranges
                0x00000920      0x100 build/stm32f4xx_hal.o
 .debug_aranges
                0x00000a20       0x28 build/system_stm32f4xx.o
 .debug_aranges
                0x00000a48       0x20 build/sysmem.o
 .debug_aranges
                0x00000a68      0x208 build/stm32f4xx_hal_uart.o
 .debug_aranges
                0x00000c70       0x28 build/startup_stm32f427xx.o

.debug_ranges   0x00000000      0xc10
 .debug_ranges  0x00000000       0x80 build/main.o
 .debug_ranges  0x00000080       0x58 build/stm32f4xx_it.o
 .debug_ranges  0x000000d8       0x48 build/stm32f4xx_hal_msp.o
 .debug_ranges  0x00000120      0x3c0 build/stm32f4xx_hal_tim.o
 .debug_ranges  0x000004e0      0x158 build/stm32f4xx_hal_tim_ex.o
 .debug_ranges  0x00000638       0x90 build/stm32f4xx_hal_rcc.o
 .debug_ranges  0x000006c8       0x48 build/stm32f4xx_hal_gpio.o
 .debug_ranges  0x00000710       0x80 build/stm32f4xx_hal_dma.o
 .debug_ranges  0x00000790       0x50 build/stm32f4xx_hal_pwr_ex.o
 .debug_ranges  0x000007e0       0xe8 build/stm32f4xx_hal_cortex.o
 .debug_ranges  0x000008c8       0xf0 build/stm32f4xx_hal.o
 .debug_ranges  0x000009b8       0x18 build/system_stm32f4xx.o
 .debug_ranges  0x000009d0       0x10 build/sysmem.o
 .debug_ranges  0x000009e0      0x210 build/stm32f4xx_hal_uart.o
 .debug_ranges  0x00000bf0       0x20 build/startup_stm32f427xx.o

.debug_line     0x00000000     0xdb83
 .debug_line    0x00000000      0x8df build/main.o
 .debug_line    0x000008df      0x25e build/stm32f4xx_it.o
 .debug_line    0x00000b3d      0x37b build/stm32f4xx_hal_msp.o
 .debug_line    0x00000eb8     0x473a build/stm32f4xx_hal_tim.o
 .debug_line    0x000055f2     0x1a83 build/stm32f4xx_hal_tim_ex.o
 .debug_line    0x00007075      0xb89 build/stm32f4xx_hal_rcc.o
 .debug_line    0x00007bfe      0x6e9 build/stm32f4xx_hal_gpio.o
 .debug_line    0x000082e7      0xdff build/stm32f4xx_hal_dma.o
 .debug_line    0x000090e6      0x4b4 build/stm32f4xx_hal_pwr_ex.o
 .debug_line    0x0000959a      0x7f6 build/stm32f4xx_hal_cortex.o
 .debug_line    0x00009d90      0x56b build/stm32f4xx_hal.o
 .debug_line    0x0000a2fb      0x21a build/system_stm32f4xx.o
 .debug_line    0x0000a515      0x172 build/sysmem.o
 .debug_line    0x0000a687     0x3489 build/stm32f4xx_hal_uart.o
 .debug_line    0x0000db10       0x73 build/startup_stm32f427xx.o

.debug_str      0x00000000     0x3ec5
 .debug_str     0x00000000     0x3ec5 build/main.o
                                0xeaa (size before relaxing)
 .debug_str     0x00003ec5      0x6c4 build/stm32f4xx_it.o
 .debug_str     0x00003ec5     0x10aa build/stm32f4xx_hal_msp.o
 .debug_str     0x00003ec5     0x16e4 build/stm32f4xx_hal_tim.o
 .debug_str     0x00003ec5      0xef0 build/stm32f4xx_hal_tim_ex.o
 .debug_str     0x00003ec5      0x6fe build/stm32f4xx_hal_rcc.o
 .debug_str     0x00003ec5      0x4d8 build/stm32f4xx_hal_gpio.o
 .debug_str     0x00003ec5      0x75b build/stm32f4xx_hal_dma.o
 .debug_str     0x00003ec5      0x4c3 build/stm32f4xx_hal_pwr_ex.o
 .debug_str     0x00003ec5      0xca7 build/stm32f4xx_hal_cortex.o
 .debug_str     0x00003ec5      0xbe4 build/stm32f4xx_hal.o
 .debug_str     0x00003ec5      0x36d build/system_stm32f4xx.o
 .debug_str     0x00003ec5      0x20a build/sysmem.o
 .debug_str     0x00003ec5      0xd80 build/stm32f4xx_hal_uart.o
 .debug_str     0x00003ec5       0x67 build/startup_stm32f427xx.o

.comment        0x00000000       0x45
 .comment       0x00000000       0x45 build/main.o
                                 0x46 (size before relaxing)
 .comment       0x00000045       0x46 build/stm32f4xx_it.o
 .comment       0x00000045       0x46 build/stm32f4xx_hal_msp.o
 .comment       0x00000045       0x46 build/stm32f4xx_hal_tim.o
 .comment       0x00000045       0x46 build/stm32f4xx_hal_tim_ex.o
 .comment       0x00000045       0x46 build/stm32f4xx_hal_rcc.o
 .comment       0x00000045       0x46 build/stm32f4xx_hal_gpio.o
 .comment       0x00000045       0x46 build/stm32f4xx_hal_dma.o
 .comment       0x00000045       0x46 build/stm32f4xx_hal_pwr_ex.o
 .comment       0x00000045       0x46 build/stm32f4xx_hal_cortex.o
 .comment       0x00000045       0x46 build/stm32f4xx_hal.o
 .comment       0x00000045       0x46 build/system_stm32f4xx.o
 .comment       0x00000045       0x46 build/sysmem.o
 .comment       0x00000045       0x46 build/stm32f4xx_hal_uart.o

.debug_frame    0x00000000     0x2750
 .debug_frame   0x00000000      0x10c build/main.o
 .debug_frame   0x0000010c       0xc0 build/stm32f4xx_it.o
 .debug_frame   0x000001cc       0xd0 build/stm32f4xx_hal_msp.o
 .debug_frame   0x0000029c      0xb10 build/stm32f4xx_hal_tim.o
 .debug_frame   0x00000dac      0x418 build/stm32f4xx_hal_tim_ex.o
 .debug_frame   0x000011c4      0x16c build/stm32f4xx_hal_rcc.o
 .debug_frame   0x00001330       0xd8 build/stm32f4xx_hal_gpio.o
 .debug_frame   0x00001408      0x188 build/stm32f4xx_hal_dma.o
 .debug_frame   0x00001590       0xec build/stm32f4xx_hal_pwr_ex.o
 .debug_frame   0x0000167c      0x214 build/stm32f4xx_hal_cortex.o
 .debug_frame   0x00001890      0x20c build/stm32f4xx_hal.o
 .debug_frame   0x00001a9c       0x30 build/system_stm32f4xx.o
 .debug_frame   0x00001acc       0x28 build/sysmem.o
 .debug_frame   0x00001af4      0x5dc build/stm32f4xx_hal_uart.o
 .debug_frame   0x000020d0       0x20 /opt/gcc-arm-none-eabi/bin/../lib/gcc/arm-none-eabi/13.3.1/../../../../arm-none-eabi/lib/thumb/v7e-m+fp/hard/libc_nano.a(libc_a-errno.o)
 .debug_frame   0x000020f0       0x2c /opt/gcc-arm-none-eabi/bin/../lib/gcc/arm-none-eabi/13.3.1/../../../../arm-none-eabi/lib/thumb/v7e-m+fp/hard/libc_nano.a(libc_a-init.o)
 .debug_frame   0x0000211c       0x20 /opt/gcc-arm-none-eabi/bin/../lib/gcc/arm-none-eabi/13.3.1/../../../../arm-none-eabi/lib/thumb/v7e-m+fp/hard/libc_nano.a(libc_a-memset.o)
 .debug_frame   0x0000213c      0x144 /opt/gcc-arm-none-eabi/bin/../lib/gcc/arm-none-eabi/13.3.1/../../../../arm-none-eabi/lib/thumb/v7e-m+fp/hard/libc_nano.a(libc_a-findfp.o)
 .debug_frame   0x00002280       0x74 /opt/gcc-arm-none-eabi/bin/../lib/gcc/arm-none-eabi/13.3.1/../../../../arm-none-eabi/lib/thumb/v7e-m+fp/hard/libc_nano.a(libc_a-sprintf.o)
 .debug_frame   0x000022f4       0x30 /opt/gcc-arm-none-eabi/bin/../lib/gcc/arm-none-eabi/13.3.1/../../../../arm-none-eabi/lib/thumb/v7e-m+fp/hard/libc_nano.a(libc_a-atoi.o)
 .debug_frame   0x00002324       0x64 /opt/gcc-arm-none-eabi/bin/../lib/gcc/arm-none-eabi/13.3.1/../../../../arm-none-eabi/lib/thumb/v7e-m+fp/hard/libc_nano.a(libc_a-strtol.o)
 .debug_frame   0x00002388       0x90 /opt/gcc-arm-none-eabi/bin/../lib/gcc/arm-none-eabi/13.3.1/../../../../arm-none-eabi/lib/thumb/v7e-m+fp/hard/libc_nano.a(libc_a-nano-svfprintf.o)
 .debug_frame   0x00002418       0x28 /opt/gcc-arm-none-eabi/bin/../lib/gcc/arm-none-eabi/13.3.1/../../../../arm-none-eabi/lib/thumb/v7e-m+fp/hard/libc_nano.a(libc_a-memmove.o)
 .debug_frame   0x00002440       0xb0 /opt/gcc-arm-none-eabi/bin/../lib/gcc/arm-none-eabi/13.3.1/../../../../arm-none-eabi/lib/thumb/v7e-m+fp/hard/libc_nano.a(libc_a-lock.o)
 .debug_frame   0x000024f0       0x60 /opt/gcc-arm-none-eabi/bin/../lib/gcc/arm-none-eabi/13.3.1/../../../../arm-none-eabi/lib/thumb/v7e-m+fp/hard/libc_nano.a(libc_a-nano-vfprintf_i.o)
 .debug_frame   0x00002550       0x50 /opt/gcc-arm-none-eabi/bin/../lib/gcc/arm-none-eabi/13.3.1/../../../../arm-none-eabi/lib/thumb/v7e-m+fp/hard/libc_nano.a(libc_a-mallocr.o)
 .debug_frame   0x000025a0       0x38 /opt/gcc-arm-none-eabi/bin/../lib/gcc/arm-none-eabi/13.3.1/../../../../arm-none-eabi/lib/thumb/v7e-m+fp/hard/libc_nano.a(libc_a-reent.o)
 .debug_frame   0x000025d8       0x28 /opt/gcc-arm-none-eabi/bin/../lib/gcc/arm-none-eabi/13.3.1/../../../../arm-none-eabi/lib/thumb/v7e-m+fp/hard/libc_nano.a(libc_a-memcpy-stub.o)
 .debug_frame   0x00002600       0x30 /opt/gcc-arm-none-eabi/bin/../lib/gcc/arm-none-eabi/13.3.1/../../../../arm-none-eabi/lib/thumb/v7e-m+fp/hard/libc_nano.a(libc_a-mlock.o)
 .debug_frame   0x00002630       0x2c /opt/gcc-arm-none-eabi/bin/../lib/gcc/arm-none-eabi/13.3.1/../../../../arm-none-eabi/lib/thumb/v7e-m+fp/hard/libc_nano.a(libc_a-sbrkr.o)
 .debug_frame   0x0000265c       0x3c /opt/gcc-arm-none-eabi/bin/../lib/gcc/arm-none-eabi/13.3.1/../../../../arm-none-eabi/lib/thumb/v7e-m+fp/hard/libc_nano.a(libc_a-reallocr.o)
 .debug_frame   0x00002698       0x38 /opt/gcc-arm-none-eabi/bin/../lib/gcc/arm-none-eabi/13.3.1/../../../../arm-none-eabi/lib/thumb/v7e-m+fp/hard/libc_nano.a(libc_a-freer.o)
 .debug_frame   0x000026d0       0x20 /opt/gcc-arm-none-eabi/bin/../lib/gcc/arm-none-eabi/13.3.1/../../../../arm-none-eabi/lib/thumb/v7e-m+fp/hard/libc_nano.a(libc_a-msizer.o)
 .debug_frame   0x000026f0       0x2c /opt/gcc-arm-none-eabi/bin/../lib/gcc/arm-none-eabi/13.3.1/thumb/v7e-m+fp/hard/libgcc.a(_aeabi_uldivmod.o)
 .debug_frame   0x0000271c       0x34 /opt/gcc-arm-none-eabi/bin/../lib/gcc/arm-none-eabi/13.3.1/thumb/v7e-m+fp/hard/libgcc.a(_udivmoddi4.o)

.debug_line_str
                0x00000000      0x1bb
 .debug_line_str
                0x00000000      0x1bb /opt/gcc-arm-none-eabi/bin/../lib/gcc/arm-none-eabi/13.3.1/../../../../arm-none-eabi/lib/thumb/v7e-m+fp/hard/libc_nano.a(libc_a-strlen.o)
                                 0xe4 (size before relaxing)
 .debug_line_str
                0x000001bb       0xda /opt/gcc-arm-none-eabi/bin/../lib/gcc/arm-none-eabi/13.3.1/../../../../arm-none-eabi/lib/thumb/v7e-m+fp/hard/libc_nano.a(libc_a-memchr.o)
 .debug_line_str
                0x000001bb       0xc2 /opt/gcc-arm-none-eabi/bin/../lib/gcc/arm-none-eabi/13.3.1/thumb/v7e-m+fp/hard/libgcc.a(_aeabi_uldivmod.o)
 .debug_line_str
                0x000001bb       0xc6 /opt/gcc-arm-none-eabi/bin/../lib/gcc/arm-none-eabi/13.3.1/thumb/v7e-m+fp/hard/libgcc.a(_dvmd_tls.o)

Cross Reference Table

Symbol                                            File
ADC_IRQHandler                                    build/startup_stm32f427xx.o
AHBPrescTable                                     build/system_stm32f4xx.o
                                                  build/stm32f4xx_hal_rcc.o
APBPrescTable                                     build/system_stm32f4xx.o
                                                  build/stm32f4xx_hal_rcc.o
BusFault_Handler                                  build/stm32f4xx_it.o
CAN1_RX0_IRQHandler                               build/startup_stm32f427xx.o
CAN1_RX1_IRQHandler                               build/startup_stm32f427xx.o
CAN1_SCE_IRQHandler                               build/startup_stm32f427xx.o
CAN1_TX_IRQHandler                                build/startup_stm32f427xx.o
CAN2_RX0_IRQHandler                               build/startup_stm32f427xx.o
CAN2_RX1_IRQHandler                               build/startup_stm32f427xx.o
CAN2_SCE_IRQHandler                               build/startup_stm32f427xx.o
CAN2_TX_IRQHandler                                build/startup_stm32f427xx.o
DCMI_IRQHandler                                   build/startup_stm32f427xx.o
DMA1_Stream0_IRQHandler                           build/startup_stm32f427xx.o
DMA1_Stream1_IRQHandler                           build/startup_stm32f427xx.o
DMA1_Stream2_IRQHandler                           build/startup_stm32f427xx.o
DMA1_Stream3_IRQHandler                           build/startup_stm32f427xx.o
DMA1_Stream4_IRQHandler                           build/startup_stm32f427xx.o
DMA1_Stream5_IRQHandler                           build/startup_stm32f427xx.o
DMA1_Stream6_IRQHandler                           build/startup_stm32f427xx.o
DMA1_Stream7_IRQHandler                           build/startup_stm32f427xx.o
DMA2D_IRQHandler                                  build/startup_stm32f427xx.o
DMA2_Stream0_IRQHandler                           build/startup_stm32f427xx.o
DMA2_Stream1_IRQHandler                           build/startup_stm32f427xx.o
DMA2_Stream2_IRQHandler                           build/startup_stm32f427xx.o
DMA2_Stream3_IRQHandler                           build/startup_stm32f427xx.o
DMA2_Stream4_IRQHandler                           build/startup_stm32f427xx.o
DMA2_Stream5_IRQHandler                           build/startup_stm32f427xx.o
DMA2_Stream6_IRQHandler                           build/startup_stm32f427xx.o
DMA2_Stream7_IRQHandler                           build/startup_stm32f427xx.o
DebugMon_Handler                                  build/stm32f4xx_it.o
Default_Handler                                   build/startup_stm32f427xx.o
ETH_IRQHandler                                    build/startup_stm32f427xx.o
ETH_WKUP_IRQHandler                               build/startup_stm32f427xx.o
EXTI0_IRQHandler                                  build/startup_stm32f427xx.o
EXTI15_10_IRQHandler                              build/startup_stm32f427xx.o
EXTI1_IRQHandler                                  build/startup_stm32f427xx.o
EXTI2_IRQHandler                                  build/startup_stm32f427xx.o
EXTI3_IRQHandler                                  build/startup_stm32f427xx.o
EXTI4_IRQHandler                                  build/startup_stm32f427xx.o
EXTI9_5_IRQHandler                                build/startup_stm32f427xx.o
Error_Handler                                     build/main.o
FLASH_Erase_Sector                                build/stm32f4xx_hal_flash_ex.o
                                                  build/stm32f4xx_hal_flash.o
FLASH_FlushCaches                                 build/stm32f4xx_hal_flash_ex.o
                                                  build/stm32f4xx_hal_flash.o
FLASH_IRQHandler                                  build/startup_stm32f427xx.o
FLASH_WaitForLastOperation                        build/stm32f4xx_hal_flash.o
                                                  build/stm32f4xx_hal_flash_ex.o
FMC_IRQHandler                                    build/startup_stm32f427xx.o
FPU_IRQHandler                                    build/startup_stm32f427xx.o
HAL_CORTEX_ClearEvent                             build/stm32f4xx_hal_cortex.o
HAL_DBGMCU_DisableDBGSleepMode                    build/stm32f4xx_hal.o
HAL_DBGMCU_DisableDBGStandbyMode                  build/stm32f4xx_hal.o
HAL_DBGMCU_DisableDBGStopMode                     build/stm32f4xx_hal.o
HAL_DBGMCU_EnableDBGSleepMode                     build/stm32f4xx_hal.o
HAL_DBGMCU_EnableDBGStandbyMode                   build/stm32f4xx_hal.o
HAL_DBGMCU_EnableDBGStopMode                      build/stm32f4xx_hal.o
HAL_DMAEx_ChangeMemory                            build/stm32f4xx_hal_dma_ex.o
HAL_DMAEx_MultiBufferStart                        build/stm32f4xx_hal_dma_ex.o
HAL_DMAEx_MultiBufferStart_IT                     build/stm32f4xx_hal_dma_ex.o
HAL_DMA_Abort                                     build/stm32f4xx_hal_dma.o
                                                  build/stm32f4xx_hal_uart.o
HAL_DMA_Abort_IT                                  build/stm32f4xx_hal_dma.o
                                                  build/stm32f4xx_hal_uart.o
                                                  build/stm32f4xx_hal_tim_ex.o
                                                  build/stm32f4xx_hal_tim.o
HAL_DMA_DeInit                                    build/stm32f4xx_hal_dma.o
HAL_DMA_GetError                                  build/stm32f4xx_hal_dma.o
                                                  build/stm32f4xx_hal_uart.o
HAL_DMA_GetState                                  build/stm32f4xx_hal_dma.o
HAL_DMA_IRQHandler                                build/stm32f4xx_hal_dma.o
HAL_DMA_Init                                      build/stm32f4xx_hal_dma.o
HAL_DMA_PollForTransfer                           build/stm32f4xx_hal_dma.o
HAL_DMA_RegisterCallback                          build/stm32f4xx_hal_dma.o
HAL_DMA_Start                                     build/stm32f4xx_hal_dma.o
HAL_DMA_Start_IT                                  build/stm32f4xx_hal_dma.o
                                                  build/stm32f4xx_hal_uart.o
                                                  build/stm32f4xx_hal_tim_ex.o
                                                  build/stm32f4xx_hal_tim.o
HAL_DMA_UnRegisterCallback                        build/stm32f4xx_hal_dma.o
HAL_DeInit                                        build/stm32f4xx_hal.o
HAL_Delay                                         build/stm32f4xx_hal.o
HAL_DisableCompensationCell                       build/stm32f4xx_hal.o
HAL_DisableMemorySwappingBank                     build/stm32f4xx_hal.o
HAL_EXTI_ClearConfigLine                          build/stm32f4xx_hal_exti.o
HAL_EXTI_ClearPending                             build/stm32f4xx_hal_exti.o
HAL_EXTI_GenerateSWI                              build/stm32f4xx_hal_exti.o
HAL_EXTI_GetConfigLine                            build/stm32f4xx_hal_exti.o
HAL_EXTI_GetHandle                                build/stm32f4xx_hal_exti.o
HAL_EXTI_GetPending                               build/stm32f4xx_hal_exti.o
HAL_EXTI_IRQHandler                               build/stm32f4xx_hal_exti.o
HAL_EXTI_RegisterCallback                         build/stm32f4xx_hal_exti.o
HAL_EXTI_SetConfigLine                            build/stm32f4xx_hal_exti.o
HAL_EnableCompensationCell                        build/stm32f4xx_hal.o
HAL_EnableMemorySwappingBank                      build/stm32f4xx_hal.o
HAL_FLASHEx_AdvOBGetConfig                        build/stm32f4xx_hal_flash_ex.o
HAL_FLASHEx_AdvOBProgram                          build/stm32f4xx_hal_flash_ex.o
HAL_FLASHEx_Erase                                 build/stm32f4xx_hal_flash_ex.o
HAL_FLASHEx_Erase_IT                              build/stm32f4xx_hal_flash_ex.o
HAL_FLASHEx_OBGetConfig                           build/stm32f4xx_hal_flash_ex.o
HAL_FLASHEx_OBProgram                             build/stm32f4xx_hal_flash_ex.o
HAL_FLASHEx_OB_DeSelectPCROP                      build/stm32f4xx_hal_flash_ex.o
HAL_FLASHEx_OB_GetBank2WRP                        build/stm32f4xx_hal_flash_ex.o
HAL_FLASHEx_OB_SelectPCROP                        build/stm32f4xx_hal_flash_ex.o
HAL_FLASH_EndOfOperationCallback                  build/stm32f4xx_hal_flash.o
HAL_FLASH_GetError                                build/stm32f4xx_hal_flash.o
HAL_FLASH_IRQHandler                              build/stm32f4xx_hal_flash.o
HAL_FLASH_Lock                                    build/stm32f4xx_hal_flash.o
HAL_FLASH_OB_Launch                               build/stm32f4xx_hal_flash.o
HAL_FLASH_OB_Lock                                 build/stm32f4xx_hal_flash.o
HAL_FLASH_OB_Unlock                               build/stm32f4xx_hal_flash.o
HAL_FLASH_OperationErrorCallback                  build/stm32f4xx_hal_flash.o
HAL_FLASH_Program                                 build/stm32f4xx_hal_flash.o
HAL_FLASH_Program_IT                              build/stm32f4xx_hal_flash.o
HAL_FLASH_Unlock                                  build/stm32f4xx_hal_flash.o
HAL_GPIO_DeInit                                   build/stm32f4xx_hal_gpio.o
                                                  build/stm32f4xx_hal_msp.o
HAL_GPIO_EXTI_Callback                            build/stm32f4xx_hal_gpio.o
HAL_GPIO_EXTI_IRQHandler                          build/stm32f4xx_hal_gpio.o
HAL_GPIO_Init                                     build/stm32f4xx_hal_gpio.o
                                                  build/stm32f4xx_hal_rcc.o
                                                  build/stm32f4xx_hal_msp.o
HAL_GPIO_LockPin                                  build/stm32f4xx_hal_gpio.o
HAL_GPIO_ReadPin                                  build/stm32f4xx_hal_gpio.o
HAL_GPIO_TogglePin                                build/stm32f4xx_hal_gpio.o
HAL_GPIO_WritePin                                 build/stm32f4xx_hal_gpio.o
HAL_GetDEVID                                      build/stm32f4xx_hal.o
HAL_GetHalVersion                                 build/stm32f4xx_hal.o
HAL_GetREVID                                      build/stm32f4xx_hal.o
HAL_GetTick                                       build/stm32f4xx_hal.o
                                                  build/stm32f4xx_hal_uart.o
                                                  build/stm32f4xx_hal_pwr_ex.o
                                                  build/stm32f4xx_hal_dma.o
                                                  build/stm32f4xx_hal_flash.o
                                                  build/stm32f4xx_hal_rcc_ex.o
                                                  build/stm32f4xx_hal_rcc.o
HAL_GetTickFreq                                   build/stm32f4xx_hal.o
HAL_GetTickPrio                                   build/stm32f4xx_hal.o
HAL_GetUIDw0                                      build/stm32f4xx_hal.o
HAL_GetUIDw1                                      build/stm32f4xx_hal.o
HAL_GetUIDw2                                      build/stm32f4xx_hal.o
HAL_HalfDuplex_EnableReceiver                     build/stm32f4xx_hal_uart.o
HAL_HalfDuplex_EnableTransmitter                  build/stm32f4xx_hal_uart.o
HAL_HalfDuplex_Init                               build/stm32f4xx_hal_uart.o
HAL_IncTick                                       build/stm32f4xx_hal.o
                                                  build/stm32f4xx_it.o
HAL_Init                                          build/stm32f4xx_hal.o
                                                  build/main.o
HAL_InitTick                                      build/stm32f4xx_hal.o
                                                  build/stm32f4xx_hal_rcc_ex.o
                                                  build/stm32f4xx_hal_rcc.o
HAL_LIN_Init                                      build/stm32f4xx_hal_uart.o
HAL_LIN_SendBreak                                 build/stm32f4xx_hal_uart.o
HAL_MPU_ConfigRegion                              build/stm32f4xx_hal_cortex.o
HAL_MPU_Disable                                   build/stm32f4xx_hal_cortex.o
HAL_MPU_DisableRegion                             build/stm32f4xx_hal_cortex.o
HAL_MPU_Enable                                    build/stm32f4xx_hal_cortex.o
HAL_MPU_EnableRegion                              build/stm32f4xx_hal_cortex.o
HAL_MspDeInit                                     build/stm32f4xx_hal.o
HAL_MspInit                                       build/stm32f4xx_hal_msp.o
HAL_MultiProcessor_EnterMuteMode                  build/stm32f4xx_hal_uart.o
HAL_MultiProcessor_ExitMuteMode                   build/stm32f4xx_hal_uart.o
HAL_MultiProcessor_Init                           build/stm32f4xx_hal_uart.o
HAL_NVIC_ClearPendingIRQ                          build/stm32f4xx_hal_cortex.o
HAL_NVIC_DisableIRQ                               build/stm32f4xx_hal_cortex.o
                                                  build/stm32f4xx_hal_msp.o
HAL_NVIC_EnableIRQ                                build/stm32f4xx_hal_cortex.o
                                                  build/stm32f4xx_hal_msp.o
HAL_NVIC_GetActive                                build/stm32f4xx_hal_cortex.o
HAL_NVIC_GetPendingIRQ                            build/stm32f4xx_hal_cortex.o
HAL_NVIC_GetPriority                              build/stm32f4xx_hal_cortex.o
HAL_NVIC_GetPriorityGrouping                      build/stm32f4xx_hal_cortex.o
HAL_NVIC_SetPendingIRQ                            build/stm32f4xx_hal_cortex.o
HAL_NVIC_SetPriority                              build/stm32f4xx_hal_cortex.o
                                                  build/stm32f4xx_hal.o
                                                  build/stm32f4xx_hal_msp.o
HAL_NVIC_SetPriorityGrouping                      build/stm32f4xx_hal_cortex.o
                                                  build/stm32f4xx_hal.o
HAL_NVIC_SystemReset                              build/stm32f4xx_hal_cortex.o
HAL_PWREx_ControlVoltageScaling                   build/stm32f4xx_hal_pwr_ex.o
HAL_PWREx_DisableBkUpReg                          build/stm32f4xx_hal_pwr_ex.o
HAL_PWREx_DisableFlashPowerDown                   build/stm32f4xx_hal_pwr_ex.o
HAL_PWREx_DisableOverDrive                        build/stm32f4xx_hal_pwr_ex.o
HAL_PWREx_EnableBkUpReg                           build/stm32f4xx_hal_pwr_ex.o
HAL_PWREx_EnableFlashPowerDown                    build/stm32f4xx_hal_pwr_ex.o
HAL_PWREx_EnableOverDrive                         build/stm32f4xx_hal_pwr_ex.o
                                                  build/main.o
HAL_PWREx_EnterUnderDriveSTOPMode                 build/stm32f4xx_hal_pwr_ex.o
HAL_PWREx_GetVoltageRange                         build/stm32f4xx_hal_pwr_ex.o
HAL_PWR_ConfigPVD                                 build/stm32f4xx_hal_pwr.o
HAL_PWR_DeInit                                    build/stm32f4xx_hal_pwr.o
HAL_PWR_DisableBkUpAccess                         build/stm32f4xx_hal_pwr.o
HAL_PWR_DisablePVD                                build/stm32f4xx_hal_pwr.o
HAL_PWR_DisableSEVOnPend                          build/stm32f4xx_hal_pwr.o
HAL_PWR_DisableSleepOnExit                        build/stm32f4xx_hal_pwr.o
HAL_PWR_DisableWakeUpPin                          build/stm32f4xx_hal_pwr.o
HAL_PWR_EnableBkUpAccess                          build/stm32f4xx_hal_pwr.o
HAL_PWR_EnablePVD                                 build/stm32f4xx_hal_pwr.o
HAL_PWR_EnableSEVOnPend                           build/stm32f4xx_hal_pwr.o
HAL_PWR_EnableSleepOnExit                         build/stm32f4xx_hal_pwr.o
HAL_PWR_EnableWakeUpPin                           build/stm32f4xx_hal_pwr.o
HAL_PWR_EnterSLEEPMode                            build/stm32f4xx_hal_pwr.o
HAL_PWR_EnterSTANDBYMode                          build/stm32f4xx_hal_pwr.o
HAL_PWR_EnterSTOPMode                             build/stm32f4xx_hal_pwr.o
HAL_PWR_PVDCallback                               build/stm32f4xx_hal_pwr.o
HAL_PWR_PVD_IRQHandler                            build/stm32f4xx_hal_pwr.o
HAL_RCCEx_DisablePLLI2S                           build/stm32f4xx_hal_rcc_ex.o
HAL_RCCEx_DisablePLLSAI                           build/stm32f4xx_hal_rcc_ex.o
HAL_RCCEx_EnablePLLI2S                            build/stm32f4xx_hal_rcc_ex.o
HAL_RCCEx_EnablePLLSAI                            build/stm32f4xx_hal_rcc_ex.o
HAL_RCCEx_GetPeriphCLKConfig                      build/stm32f4xx_hal_rcc_ex.o
HAL_RCCEx_GetPeriphCLKFreq                        build/stm32f4xx_hal_rcc_ex.o
HAL_RCCEx_PeriphCLKConfig                         build/stm32f4xx_hal_rcc_ex.o
HAL_RCC_CSSCallback                               build/stm32f4xx_hal_rcc.o
HAL_RCC_ClockConfig                               build/stm32f4xx_hal_rcc.o
                                                  build/main.o
HAL_RCC_DeInit                                    build/stm32f4xx_hal_rcc_ex.o
                                                  build/stm32f4xx_hal_rcc.o
HAL_RCC_DisableCSS                                build/stm32f4xx_hal_rcc.o
HAL_RCC_EnableCSS                                 build/stm32f4xx_hal_rcc.o
HAL_RCC_GetClockConfig                            build/stm32f4xx_hal_rcc.o
HAL_RCC_GetHCLKFreq                               build/stm32f4xx_hal_rcc.o
HAL_RCC_GetOscConfig                              build/stm32f4xx_hal_rcc.o
HAL_RCC_GetPCLK1Freq                              build/stm32f4xx_hal_rcc.o
                                                  build/stm32f4xx_hal_uart.o
HAL_RCC_GetPCLK2Freq                              build/stm32f4xx_hal_rcc.o
                                                  build/stm32f4xx_hal_uart.o
HAL_RCC_GetSysClockFreq                           build/stm32f4xx_hal_rcc.o
HAL_RCC_MCOConfig                                 build/stm32f4xx_hal_rcc.o
HAL_RCC_NMI_IRQHandler                            build/stm32f4xx_hal_rcc.o
HAL_RCC_OscConfig                                 build/stm32f4xx_hal_rcc.o
                                                  build/main.o
HAL_ResumeTick                                    build/stm32f4xx_hal.o
HAL_SYSTICK_CLKSourceConfig                       build/stm32f4xx_hal_cortex.o
HAL_SYSTICK_Callback                              build/stm32f4xx_hal_cortex.o
HAL_SYSTICK_Config                                build/stm32f4xx_hal_cortex.o
                                                  build/stm32f4xx_hal.o
HAL_SYSTICK_IRQHandler                            build/stm32f4xx_hal_cortex.o
HAL_SetTickFreq                                   build/stm32f4xx_hal.o
HAL_SuspendTick                                   build/stm32f4xx_hal.o
HAL_TIMEx_BreakCallback                           build/stm32f4xx_hal_tim_ex.o
                                                  build/stm32f4xx_hal_tim.o
HAL_TIMEx_CommutCallback                          build/stm32f4xx_hal_tim_ex.o
                                                  build/stm32f4xx_hal_tim.o
HAL_TIMEx_CommutHalfCpltCallback                  build/stm32f4xx_hal_tim_ex.o
HAL_TIMEx_ConfigBreakDeadTime                     build/stm32f4xx_hal_tim_ex.o
HAL_TIMEx_ConfigCommutEvent                       build/stm32f4xx_hal_tim_ex.o
HAL_TIMEx_ConfigCommutEvent_DMA                   build/stm32f4xx_hal_tim_ex.o
HAL_TIMEx_ConfigCommutEvent_IT                    build/stm32f4xx_hal_tim_ex.o
HAL_TIMEx_GetChannelNState                        build/stm32f4xx_hal_tim_ex.o
HAL_TIMEx_HallSensor_DeInit                       build/stm32f4xx_hal_tim_ex.o
HAL_TIMEx_HallSensor_GetState                     build/stm32f4xx_hal_tim_ex.o
HAL_TIMEx_HallSensor_Init                         build/stm32f4xx_hal_tim_ex.o
HAL_TIMEx_HallSensor_MspDeInit                    build/stm32f4xx_hal_tim_ex.o
HAL_TIMEx_HallSensor_MspInit                      build/stm32f4xx_hal_tim_ex.o
HAL_TIMEx_HallSensor_Start                        build/stm32f4xx_hal_tim_ex.o
HAL_TIMEx_HallSensor_Start_DMA                    build/stm32f4xx_hal_tim_ex.o
HAL_TIMEx_HallSensor_Start_IT                     build/stm32f4xx_hal_tim_ex.o
HAL_TIMEx_HallSensor_Stop                         build/stm32f4xx_hal_tim_ex.o
HAL_TIMEx_HallSensor_Stop_DMA                     build/stm32f4xx_hal_tim_ex.o
HAL_TIMEx_HallSensor_Stop_IT                      build/stm32f4xx_hal_tim_ex.o
HAL_TIMEx_MasterConfigSynchronization             build/stm32f4xx_hal_tim_ex.o
                                                  build/main.o
HAL_TIMEx_OCN_Start                               build/stm32f4xx_hal_tim_ex.o
HAL_TIMEx_OCN_Start_DMA                           build/stm32f4xx_hal_tim_ex.o
HAL_TIMEx_OCN_Start_IT                            build/stm32f4xx_hal_tim_ex.o
HAL_TIMEx_OCN_Stop                                build/stm32f4xx_hal_tim_ex.o
HAL_TIMEx_OCN_Stop_DMA                            build/stm32f4xx_hal_tim_ex.o
HAL_TIMEx_OCN_Stop_IT                             build/stm32f4xx_hal_tim_ex.o
HAL_TIMEx_OnePulseN_Start                         build/stm32f4xx_hal_tim_ex.o
HAL_TIMEx_OnePulseN_Start_IT                      build/stm32f4xx_hal_tim_ex.o
HAL_TIMEx_OnePulseN_Stop                          build/stm32f4xx_hal_tim_ex.o
HAL_TIMEx_OnePulseN_Stop_IT                       build/stm32f4xx_hal_tim_ex.o
HAL_TIMEx_PWMN_Start                              build/stm32f4xx_hal_tim_ex.o
HAL_TIMEx_PWMN_Start_DMA                          build/stm32f4xx_hal_tim_ex.o
HAL_TIMEx_PWMN_Start_IT                           build/stm32f4xx_hal_tim_ex.o
HAL_TIMEx_PWMN_Stop                               build/stm32f4xx_hal_tim_ex.o
HAL_TIMEx_PWMN_Stop_DMA                           build/stm32f4xx_hal_tim_ex.o
HAL_TIMEx_PWMN_Stop_IT                            build/stm32f4xx_hal_tim_ex.o
HAL_TIMEx_RemapConfig                             build/stm32f4xx_hal_tim_ex.o
HAL_TIM_Base_DeInit                               build/stm32f4xx_hal_tim.o
HAL_TIM_Base_GetState                             build/stm32f4xx_hal_tim.o
HAL_TIM_Base_Init                                 build/stm32f4xx_hal_tim.o
                                                  build/main.o
HAL_TIM_Base_MspDeInit                            build/stm32f4xx_hal_msp.o
HAL_TIM_Base_MspInit                              build/stm32f4xx_hal_msp.o
HAL_TIM_Base_Start                                build/stm32f4xx_hal_tim.o
HAL_TIM_Base_Start_DMA                            build/stm32f4xx_hal_tim.o
HAL_TIM_Base_Start_IT                             build/stm32f4xx_hal_tim.o
                                                  build/main.o
HAL_TIM_Base_Stop                                 build/stm32f4xx_hal_tim.o
HAL_TIM_Base_Stop_DMA                             build/stm32f4xx_hal_tim.o
HAL_TIM_Base_Stop_IT                              build/stm32f4xx_hal_tim.o
HAL_TIM_ConfigClockSource                         build/stm32f4xx_hal_tim.o
HAL_TIM_ConfigOCrefClear                          build/stm32f4xx_hal_tim.o
HAL_TIM_ConfigTI1Input                            build/stm32f4xx_hal_tim.o
HAL_TIM_DMABurstState                             build/stm32f4xx_hal_tim.o
HAL_TIM_DMABurst_MultiReadStart                   build/stm32f4xx_hal_tim.o
HAL_TIM_DMABurst_MultiWriteStart                  build/stm32f4xx_hal_tim.o
HAL_TIM_DMABurst_ReadStart                        build/stm32f4xx_hal_tim.o
HAL_TIM_DMABurst_ReadStop                         build/stm32f4xx_hal_tim.o
HAL_TIM_DMABurst_WriteStart                       build/stm32f4xx_hal_tim.o
HAL_TIM_DMABurst_WriteStop                        build/stm32f4xx_hal_tim.o
HAL_TIM_Encoder_DeInit                            build/stm32f4xx_hal_tim.o
HAL_TIM_Encoder_GetState                          build/stm32f4xx_hal_tim.o
HAL_TIM_Encoder_Init                              build/stm32f4xx_hal_tim.o
HAL_TIM_Encoder_MspDeInit                         build/stm32f4xx_hal_tim.o
HAL_TIM_Encoder_MspInit                           build/stm32f4xx_hal_tim.o
HAL_TIM_Encoder_Start                             build/stm32f4xx_hal_tim.o
HAL_TIM_Encoder_Start_DMA                         build/stm32f4xx_hal_tim.o
HAL_TIM_Encoder_Start_IT                          build/stm32f4xx_hal_tim.o
HAL_TIM_Encoder_Stop                              build/stm32f4xx_hal_tim.o
HAL_TIM_Encoder_Stop_DMA                          build/stm32f4xx_hal_tim.o
HAL_TIM_Encoder_Stop_IT                           build/stm32f4xx_hal_tim.o
HAL_TIM_ErrorCallback                             build/stm32f4xx_hal_tim.o
                                                  build/stm32f4xx_hal_tim_ex.o
HAL_TIM_GenerateEvent                             build/stm32f4xx_hal_tim.o
HAL_TIM_GetActiveChannel                          build/stm32f4xx_hal_tim.o
HAL_TIM_GetChannelState                           build/stm32f4xx_hal_tim.o
HAL_TIM_IC_CaptureCallback                        build/stm32f4xx_hal_tim.o
HAL_TIM_IC_CaptureHalfCpltCallback                build/stm32f4xx_hal_tim.o
HAL_TIM_IC_ConfigChannel                          build/stm32f4xx_hal_tim.o
HAL_TIM_IC_DeInit                                 build/stm32f4xx_hal_tim.o
HAL_TIM_IC_GetState                               build/stm32f4xx_hal_tim.o
HAL_TIM_IC_Init                                   build/stm32f4xx_hal_tim.o
HAL_TIM_IC_MspDeInit                              build/stm32f4xx_hal_tim.o
HAL_TIM_IC_MspInit                                build/stm32f4xx_hal_tim.o
HAL_TIM_IC_Start                                  build/stm32f4xx_hal_tim.o
HAL_TIM_IC_Start_DMA                              build/stm32f4xx_hal_tim.o
HAL_TIM_IC_Start_IT                               build/stm32f4xx_hal_tim.o
HAL_TIM_IC_Stop                                   build/stm32f4xx_hal_tim.o
HAL_TIM_IC_Stop_DMA                               build/stm32f4xx_hal_tim.o
HAL_TIM_IC_Stop_IT                                build/stm32f4xx_hal_tim.o
HAL_TIM_IRQHandler                                build/stm32f4xx_hal_tim.o
HAL_TIM_MspPostInit                               build/stm32f4xx_hal_msp.o
                                                  build/main.o
HAL_TIM_OC_ConfigChannel                          build/stm32f4xx_hal_tim.o
HAL_TIM_OC_DeInit                                 build/stm32f4xx_hal_tim.o
HAL_TIM_OC_DelayElapsedCallback                   build/stm32f4xx_hal_tim.o
HAL_TIM_OC_GetState                               build/stm32f4xx_hal_tim.o
HAL_TIM_OC_Init                                   build/stm32f4xx_hal_tim.o
HAL_TIM_OC_MspDeInit                              build/stm32f4xx_hal_tim.o
HAL_TIM_OC_MspInit                                build/stm32f4xx_hal_tim.o
HAL_TIM_OC_Start                                  build/stm32f4xx_hal_tim.o
HAL_TIM_OC_Start_DMA                              build/stm32f4xx_hal_tim.o
HAL_TIM_OC_Start_IT                               build/stm32f4xx_hal_tim.o
HAL_TIM_OC_Stop                                   build/stm32f4xx_hal_tim.o
HAL_TIM_OC_Stop_DMA                               build/stm32f4xx_hal_tim.o
HAL_TIM_OC_Stop_IT                                build/stm32f4xx_hal_tim.o
HAL_TIM_OnePulse_ConfigChannel                    build/stm32f4xx_hal_tim.o
HAL_TIM_OnePulse_DeInit                           build/stm32f4xx_hal_tim.o
HAL_TIM_OnePulse_GetState                         build/stm32f4xx_hal_tim.o
HAL_TIM_OnePulse_Init                             build/stm32f4xx_hal_tim.o
HAL_TIM_OnePulse_MspDeInit                        build/stm32f4xx_hal_tim.o
HAL_TIM_OnePulse_MspInit                          build/stm32f4xx_hal_tim.o
HAL_TIM_OnePulse_Start                            build/stm32f4xx_hal_tim.o
HAL_TIM_OnePulse_Start_IT                         build/stm32f4xx_hal_tim.o
HAL_TIM_OnePulse_Stop                             build/stm32f4xx_hal_tim.o
HAL_TIM_OnePulse_Stop_IT                          build/stm32f4xx_hal_tim.o
HAL_TIM_PWM_ConfigChannel                         build/stm32f4xx_hal_tim.o
                                                  build/main.o
HAL_TIM_PWM_DeInit                                build/stm32f4xx_hal_tim.o
HAL_TIM_PWM_GetState                              build/stm32f4xx_hal_tim.o
HAL_TIM_PWM_Init                                  build/stm32f4xx_hal_tim.o
                                                  build/main.o
HAL_TIM_PWM_MspDeInit                             build/stm32f4xx_hal_msp.o
HAL_TIM_PWM_MspInit                               build/stm32f4xx_hal_msp.o
HAL_TIM_PWM_PulseFinishedCallback                 build/stm32f4xx_hal_tim.o
                                                  build/stm32f4xx_hal_tim_ex.o
HAL_TIM_PWM_PulseFinishedHalfCpltCallback         build/stm32f4xx_hal_tim.o
HAL_TIM_PWM_Start                                 build/stm32f4xx_hal_tim.o
                                                  build/main.o
HAL_TIM_PWM_Start_DMA                             build/stm32f4xx_hal_tim.o
HAL_TIM_PWM_Start_IT                              build/stm32f4xx_hal_tim.o
HAL_TIM_PWM_Stop                                  build/stm32f4xx_hal_tim.o
HAL_TIM_PWM_Stop_DMA                              build/stm32f4xx_hal_tim.o
HAL_TIM_PWM_Stop_IT                               build/stm32f4xx_hal_tim.o
HAL_TIM_PeriodElapsedCallback                     build/main.o
HAL_TIM_PeriodElapsedHalfCpltCallback             build/stm32f4xx_hal_tim.o
HAL_TIM_ReadCapturedValue                         build/stm32f4xx_hal_tim.o
HAL_TIM_SlaveConfigSynchro                        build/stm32f4xx_hal_tim.o
HAL_TIM_SlaveConfigSynchro_IT                     build/stm32f4xx_hal_tim.o
HAL_TIM_TriggerCallback                           build/stm32f4xx_hal_tim.o
HAL_TIM_TriggerHalfCpltCallback                   build/stm32f4xx_hal_tim.o
HAL_UARTEx_GetRxEventType                         build/stm32f4xx_hal_uart.o
HAL_UARTEx_ReceiveToIdle                          build/stm32f4xx_hal_uart.o
HAL_UARTEx_ReceiveToIdle_DMA                      build/stm32f4xx_hal_uart.o
HAL_UARTEx_ReceiveToIdle_IT                       build/stm32f4xx_hal_uart.o
HAL_UARTEx_RxEventCallback                        build/stm32f4xx_hal_uart.o
HAL_UART_Abort                                    build/stm32f4xx_hal_uart.o
HAL_UART_AbortCpltCallback                        build/stm32f4xx_hal_uart.o
HAL_UART_AbortReceive                             build/stm32f4xx_hal_uart.o
HAL_UART_AbortReceiveCpltCallback                 build/stm32f4xx_hal_uart.o
HAL_UART_AbortReceive_IT                          build/stm32f4xx_hal_uart.o
HAL_UART_AbortTransmit                            build/stm32f4xx_hal_uart.o
HAL_UART_AbortTransmitCpltCallback                build/stm32f4xx_hal_uart.o
HAL_UART_AbortTransmit_IT                         build/stm32f4xx_hal_uart.o
HAL_UART_Abort_IT                                 build/stm32f4xx_hal_uart.o
HAL_UART_DMAPause                                 build/stm32f4xx_hal_uart.o
HAL_UART_DMAResume                                build/stm32f4xx_hal_uart.o
HAL_UART_DMAStop                                  build/stm32f4xx_hal_uart.o
HAL_UART_DeInit                                   build/stm32f4xx_hal_uart.o
HAL_UART_ErrorCallback                            build/stm32f4xx_hal_uart.o
HAL_UART_GetError                                 build/stm32f4xx_hal_uart.o
HAL_UART_GetState                                 build/stm32f4xx_hal_uart.o
HAL_UART_IRQHandler                               build/stm32f4xx_hal_uart.o
                                                  build/stm32f4xx_it.o
HAL_UART_Init                                     build/stm32f4xx_hal_uart.o
                                                  build/main.o
HAL_UART_MspDeInit                                build/stm32f4xx_hal_msp.o
HAL_UART_MspInit                                  build/stm32f4xx_hal_msp.o
HAL_UART_Receive                                  build/stm32f4xx_hal_uart.o
                                                  build/main.o
HAL_UART_Receive_DMA                              build/stm32f4xx_hal_uart.o
HAL_UART_Receive_IT                               build/stm32f4xx_hal_uart.o
HAL_UART_RxCpltCallback                           build/stm32f4xx_hal_uart.o
HAL_UART_RxHalfCpltCallback                       build/stm32f4xx_hal_uart.o
HAL_UART_Transmit                                 build/stm32f4xx_hal_uart.o
                                                  build/main.o
HAL_UART_Transmit_DMA                             build/stm32f4xx_hal_uart.o
HAL_UART_Transmit_IT                              build/stm32f4xx_hal_uart.o
HAL_UART_TxCpltCallback                           build/stm32f4xx_hal_uart.o
HAL_UART_TxHalfCpltCallback                       build/stm32f4xx_hal_uart.o
HASH_RNG_IRQHandler                               build/startup_stm32f427xx.o
Handler                                           build/main.o
HardFault_Handler                                 build/stm32f4xx_it.o
I2C1_ER_IRQHandler                                build/startup_stm32f427xx.o
I2C1_EV_IRQHandler                                build/startup_stm32f427xx.o
I2C2_ER_IRQHandler                                build/startup_stm32f427xx.o
I2C2_EV_IRQHandler                                build/startup_stm32f427xx.o
I2C3_ER_IRQHandler                                build/startup_stm32f427xx.o
I2C3_EV_IRQHandler                                build/startup_stm32f427xx.o
MemManage_Handler                                 build/stm32f4xx_it.o
NMI_Handler                                       build/stm32f4xx_it.o
OTG_FS_IRQHandler                                 build/startup_stm32f427xx.o
OTG_FS_WKUP_IRQHandler                            build/startup_stm32f427xx.o
OTG_HS_EP1_IN_IRQHandler                          build/startup_stm32f427xx.o
OTG_HS_EP1_OUT_IRQHandler                         build/startup_stm32f427xx.o
OTG_HS_IRQHandler                                 build/startup_stm32f427xx.o
OTG_HS_WKUP_IRQHandler                            build/startup_stm32f427xx.o
PVD_IRQHandler                                    build/startup_stm32f427xx.o
PendSV_Handler                                    build/stm32f4xx_it.o
RCC_IRQHandler                                    build/startup_stm32f427xx.o
RTC_Alarm_IRQHandler                              build/startup_stm32f427xx.o
RTC_WKUP_IRQHandler                               build/startup_stm32f427xx.o
Reset_Handler                                     build/startup_stm32f427xx.o
SAI1_IRQHandler                                   build/startup_stm32f427xx.o
SDIO_IRQHandler                                   build/startup_stm32f427xx.o
SPI1_IRQHandler                                   build/startup_stm32f427xx.o
SPI2_IRQHandler                                   build/startup_stm32f427xx.o
SPI3_IRQHandler                                   build/startup_stm32f427xx.o
SPI4_IRQHandler                                   build/startup_stm32f427xx.o
SPI5_IRQHandler                                   build/startup_stm32f427xx.o
SPI6_IRQHandler                                   build/startup_stm32f427xx.o
SVC_Handler                                       build/stm32f4xx_it.o
SysTick_Handler                                   build/stm32f4xx_it.o
SystemClock_Config                                build/main.o
SystemCoreClock                                   build/system_stm32f4xx.o
                                                  build/stm32f4xx_hal.o
                                                  build/stm32f4xx_hal_dma.o
                                                  build/stm32f4xx_hal_rcc_ex.o
                                                  build/stm32f4xx_hal_rcc.o
SystemCoreClockUpdate                             build/system_stm32f4xx.o
SystemInit                                        build/system_stm32f4xx.o
                                                  build/startup_stm32f427xx.o
TAMP_STAMP_IRQHandler                             build/startup_stm32f427xx.o
TIM1_BRK_TIM9_IRQHandler                          build/startup_stm32f427xx.o
TIM1_CC_IRQHandler                                build/startup_stm32f427xx.o
TIM1_TRG_COM_TIM11_IRQHandler                     build/startup_stm32f427xx.o
TIM1_UP_TIM10_IRQHandler                          build/startup_stm32f427xx.o
TIM2_IRQHandler                                   build/startup_stm32f427xx.o
TIM3_IRQHandler                                   build/startup_stm32f427xx.o
TIM4_IRQHandler                                   build/startup_stm32f427xx.o
TIM5_IRQHandler                                   build/startup_stm32f427xx.o
TIM6_DAC_IRQHandler                               build/startup_stm32f427xx.o
TIM7_IRQHandler                                   build/startup_stm32f427xx.o
TIM8_BRK_TIM12_IRQHandler                         build/startup_stm32f427xx.o